******************************************************************************
                  TI ARM Linker PC v16.9.6                     
******************************************************************************
>> Linked Wed Jan 31 12:30:50 2018

OUTPUT FILE NAME:   <helloworld.out>
ENTRY POINT SYMBOL: "_c_int00"  address: 0000266d


MEMORY CONFIGURATION

         name            origin    length      used     unused   attr    fill
----------------------  --------  ---------  --------  --------  ----  --------
  FLASH                 00000000   00040000  00002b34  0003d4cc  R  X
  SRAM                  20000000   00008000  00000473  00007b8d  RW X


SEGMENT ALLOCATION MAP

run origin  load origin   length   init length attrs members
----------  ----------- ---------- ----------- ----- -------
00000000    00000000    00002b38   00002b38    r-x
  00000000    00000000    0000026c   0000026c    r-- .intvecs
  0000026c    0000026c    00002716   00002716    r-x .text
  00002982    00002982    00000182   00000182    r-- .const
  00002b08    00002b08    00000030   00000030    r-- .cinit
20000000    20000000    00000476   00000000    rw-
  20000000    20000000    00000400   00000000    rw- .stack
  20000400    20000400    00000055   00000000    rw- .bss
  20000458    20000458    0000001e   00000000    rw- .data


SECTION ALLOCATION MAP

 output                                  attributes/
section   page    origin      length       input sections
--------  ----  ----------  ----------   ----------------
.intvecs   0    00000000    0000026c     
                  00000000    0000026c     tm4c123gh6pm_startup_ccs.obj (.intvecs)

.text      0    0000026c    00002716     
                  0000026c    0000113e     rtsv7M4_T_le_v4SPD16_eabi.lib : _printfi.obj (.text)
                  000013aa    00000002                                   : mpu_init.obj (.text)
                  000013ac    00000450     lcd.obj (.text)
                  000017fc    000001f4     rtsv7M4_T_le_v4SPD16_eabi.lib : ull_div_t2.obj (.text)
                  000019f0    000001b6                                   : fd_add_t2.obj (.text)
                  00001ba6    00000002                                   : startup.obj (.text)
                  00001ba8    00000160     button.obj (.text)
                  00001d08    00000158     Timer.obj (.text)
                  00001e60    00000136     rtsv7M4_T_le_v4SPD16_eabi.lib : fd_div_t2.obj (.text)
                  00001f96    000000fc                                   : fd_mul_t2.obj (.text)
                  00002092    00000002     --HOLE-- [fill = 0]
                  00002094    000000fc                                   : s_scalbn.obj (.text)
                  00002190    000000f4     lab3_template.obj (.text)
                  00002284    0000009c     rtsv7M4_T_le_v4SPD16_eabi.lib : memcpy_t2.obj (.text)
                  00002320    00000088                                   : vsnprintf.obj (.text)
                  000023a8    00000086                                   : fd_cmp_t2.obj (.text:__aeabi_cdcmple)
                  0000242e    00000086                                   : fd_cmp_t2.obj (.text:__aeabi_cdrcmple)
                  000024b4    0000007a                                   : memset_t2.obj (.text)
                  0000252e    00000002     --HOLE-- [fill = 0]
                  00002530    00000070                                   : autoinit.obj (.text)
                  000025a0    00000068                                   : copy_decompress_lzss.obj (.text:decompress:lzss)
                  00002608    00000064                                   : s_frexp.obj (.text)
                  0000266c    00000054                                   : boot.obj (.text)
                  000026c0    00000054                                   : exit.obj (.text)
                  00002714    00000054                                   : ltoa.obj (.text)
                  00002768    0000004c                                   : atoi.obj (.text)
                  000027b4    0000004c                                   : cpy_tbl.obj (.text)
                  00002800    00000048                                   : fd_toi_t2.obj (.text)
                  00002848    0000002e                                   : i_tofd_t2.obj (.text)
                  00002876    0000001e                                   : strcat.obj (.text)
                  00002894    0000001c                                   : memccpy.obj (.text)
                  000028b0    00000018                                   : args_main.obj (.text)
                  000028c8    00000018                                   : strcmp.obj (.text)
                  000028e0    00000016                                   : strchr.obj (.text)
                  000028f6    00000002     --HOLE-- [fill = 0]
                  000028f8    00000014                                   : _lock.obj (.text)
                  0000290c    00000014                                   : s_copysign.obj (.text)
                  00002920    00000014                                   : strcpy.obj (.text)
                  00002934    00000014                                   : strlen.obj (.text)
                  00002948    00000010     lcd.obj (.text:lcd_clear)
                  00002958    0000000e     rtsv7M4_T_le_v4SPD16_eabi.lib : copy_decompress_none.obj (.text:decompress:none)
                  00002966    0000000c                                   : copy_zero_init.obj (.text:decompress:ZI)
                  00002972    0000000c     tm4c123gh6pm_startup_ccs.obj (.text)
                  0000297e    00000004     rtsv7M4_T_le_v4SPD16_eabi.lib : pre_init.obj (.text)

.const     0    00002982    00000182     
                  00002982    00000101     rtsv7M4_T_le_v4SPD16_eabi.lib : ctype.obj (.const:.string:_ctypes_)
                  00002a83    00000064     lcd.obj (.const:.string:$P$T0$1)
                  00002ae7    00000015     lcd.obj (.const:.string:$P$T1$2)
                  00002afc    00000004     lcd.obj (.const:.string:lineAddress$3)
                  00002b00    00000004     lcd.obj (.const:.string:lineAddresses$4)

.cinit     0    00002b08    00000030     
                  00002b08    0000000c     (.cinit..data.load) [load image, compression = lzss]
                  00002b14    0000000c     (__TI_handler_table)
                  00002b20    00000008     (.cinit..bss.load) [load image, compression = zero_init]
                  00002b28    00000010     (__TI_cinit_table)

.init_array 
*          0    00000000    00000000     UNINITIALIZED

.stack     0    20000000    00000400     UNINITIALIZED
                  20000000    00000400     --HOLE--

.bss       0    20000400    00000055     UNINITIALIZED
                  20000400    00000054     lcd.obj (.bss:lastbuffer$5)
                  20000454    00000001     (.common:_prevButton)

.data      0    20000458    0000001e     UNINITIALIZED
                  20000458    0000000c     rtsv7M4_T_le_v4SPD16_eabi.lib : exit.obj (.data:$O1$$)
                  20000464    00000008                                   : _lock.obj (.data:$O1$$)
                  2000046c    00000004                                   : errno.obj (.data)
                  20000470    00000004                                   : stkdepth_vars.obj (.data)
                  20000474    00000001     button.obj (.data)
                  20000475    00000001     lab3_template.obj (.data)

MODULE SUMMARY

       Module                         code    ro data   rw data
       ------                         ----    -------   -------
    .\
       lcd.obj                        1120    129       84     
       tm4c123gh6pm_startup_ccs.obj   12      620       0      
       button.obj                     352     0         2      
       Timer.obj                      344     0         0      
       lab3_template.obj              244     0         1      
    +--+------------------------------+-------+---------+---------+
       Total:                         2072    749       87     
                                                               
    C:\ti\ccsv7\tools\compiler\ti-cgt-arm_16.9.6.LTS\lib\rtsv7M4_T_le_v4SPD16_eabi.lib
       _printfi.obj                   4414    0         0      
       ull_div_t2.obj                 500     0         0      
       fd_add_t2.obj                  438     0         0      
       fd_div_t2.obj                  310     0         0      
       fd_cmp_t2.obj                  268     0         0      
       ctype.obj                      0       257       0      
       fd_mul_t2.obj                  252     0         0      
       s_scalbn.obj                   252     0         0      
       memcpy_t2.obj                  156     0         0      
       vsnprintf.obj                  136     0         0      
       memset_t2.obj                  122     0         0      
       autoinit.obj                   112     0         0      
       copy_decompress_lzss.obj       104     0         0      
       s_frexp.obj                    100     0         0      
       exit.obj                       84      0         12     
       boot.obj                       84      0         0      
       ltoa.obj                       84      0         0      
       atoi.obj                       76      0         0      
       cpy_tbl.obj                    76      0         0      
       fd_toi_t2.obj                  72      0         0      
       i_tofd_t2.obj                  46      0         0      
       strcat.obj                     30      0         0      
       _lock.obj                      20      0         8      
       memccpy.obj                    28      0         0      
       args_main.obj                  24      0         0      
       strcmp.obj                     24      0         0      
       strchr.obj                     22      0         0      
       s_copysign.obj                 20      0         0      
       strcpy.obj                     20      0         0      
       strlen.obj                     20      0         0      
       copy_decompress_none.obj       14      0         0      
       copy_zero_init.obj             12      0         0      
       errno.obj                      0       0         4      
       pre_init.obj                   4       0         0      
       stkdepth_vars.obj              0       0         4      
       mpu_init.obj                   2       0         0      
       startup.obj                    2       0         0      
    +--+------------------------------+-------+---------+---------+
       Total:                         7928    257       28     
                                                               
       Stack:                         0       0         1024   
       Linker Generated:              0       48        0      
    +--+------------------------------+-------+---------+---------+
       Grand Total:                   10000   1054      1139   


LINKER GENERATED COPY TABLES

__TI_cinit_table @ 00002b28 records: 2, size/record: 8, table size: 16
	.data: load addr=00002b08, load size=0000000c bytes, run addr=20000458, run size=0000001e bytes, compression=lzss
	.bss: load addr=00002b20, load size=00000008 bytes, run addr=20000400, run size=00000055 bytes, compression=zero_init


LINKER GENERATED HANDLER TABLE

__TI_handler_table @ 00002b14 records: 3, size/record: 4, table size: 12
	index: 0, handler: __TI_decompress_lzss
	index: 1, handler: __TI_decompress_none
	index: 2, handler: __TI_zero_init


GLOBAL SYMBOLS: SORTED ALPHABETICALLY BY Name 

address   name                           
-------   ----                           
000026c1  C$$EXIT                        
00002973  ResetISR                       
UNDEFED   SHT$$INIT_ARRAY$$Base          
UNDEFED   SHT$$INIT_ARRAY$$Limit         
20000400  __STACK_END                    
00000400  __STACK_SIZE                   
20000200  __STACK_TOP                    
00002b28  __TI_CINIT_Base                
00002b38  __TI_CINIT_Limit               
00002b14  __TI_Handler_Table_Base        
00002b20  __TI_Handler_Table_Limit       
00002531  __TI_auto_init                 
20000458  __TI_cleanup_ptr               
000025a1  __TI_decompress_lzss           
00002959  __TI_decompress_none           
2000045c  __TI_dtors_ptr                 
20000460  __TI_enable_exit_profile_output
ffffffff  __TI_pprof_out_hndl            
00000ab1  __TI_printfi                   
ffffffff  __TI_prof_data_size            
ffffffff  __TI_prof_data_start           
00000000  __TI_static_base__             
00002967  __TI_zero_init                 
000023a9  __aeabi_cdcmpeq                
000023a9  __aeabi_cdcmple                
0000242f  __aeabi_cdrcmple               
00002801  __aeabi_d2iz                   
000019fb  __aeabi_dadd                   
00001e61  __aeabi_ddiv                   
00001f97  __aeabi_dmul                   
000019f1  __aeabi_dsub                   
00002849  __aeabi_i2d                    
000024b5  __aeabi_memclr                 
000024b5  __aeabi_memclr4                
000024b5  __aeabi_memclr8                
00002285  __aeabi_memcpy                 
00002285  __aeabi_memcpy4                
00002285  __aeabi_memcpy8                
000024b7  __aeabi_memset                 
000024b7  __aeabi_memset4                
000024b7  __aeabi_memset8                
000017fd  __aeabi_uldivmod               
ffffffff  __binit__                      
ffffffff  __c_args__                     
000013ab  __mpu_init                     
20000000  __stack                        
000028b1  _args_main                     
0000266d  _c_int00                       
00002982  _ctypes_                       
20000464  _lock                          
00002907  _nop                           
20000454  _prevButton                    
000028ff  _register_lock                 
000028f9  _register_unlock               
00001ba7  _system_post_cinit             
0000297f  _system_pre_init               
20000468  _unlock                        
000026c5  abort                          
00002769  atoi                           
ffffffff  binit                          
00001bd5  button_checkButtons            
00001bdf  button_getButton               
00001c9b  button_getButtonBlocking       
00001caf  button_getButtonChange         
00001cd9  button_getButtonChangeBlocking 
00001ba9  button_init                    
000027b5  copy_in                        
0000290d  copysign                       
0000290d  copysignl                      
2000046c  errno                          
000026cd  exit                           
00002609  frexp                          
00002609  frexpl                         
00000000  g_pfnVectors                   
00002949  lcd_clear                      
000016a1  lcd_gotoLine                   
000013ad  lcd_init                       
0000171f  lcd_printf                     
00001469  lcd_putc                       
00001601  lcd_puts                       
000014a1  lcd_puts_scroll                
00001563  lcd_puts_scroll2               
0000161f  lcd_sendCommand                
0000165d  lcd_sendNibble                 
000016e1  lcd_setCursorPos               
00002095  ldexp                          
00002095  ldexpl                         
00002715  ltoa                           
00002239  main                           
20000470  main_func_sp                   
00002895  memccpy                        
00002285  memcpy                         
000024bd  memset                         
0000222d  move_stepper_motor_by_step     
000021bb  read_shaft_encoder             
00002095  scalbn                         
00002095  scalbnl                        
00002191  shaft_encoder_init             
000021fb  stepper_init                   
00002877  strcat                         
000028e1  strchr                         
000028c9  strcmp                         
00002921  strcpy                         
00002935  strlen                         
00001e19  timer_getClock                 
00001dcd  timer_startClock               
00001d67  timer_startTimer               
00001e1f  timer_stopClock                
00001db7  timer_stopTimer                
00001d3d  timer_waitMicros               
00001d09  timer_waitMillis               
00002321  vsnprintf                      


GLOBAL SYMBOLS: SORTED BY Symbol Address 

address   name                           
-------   ----                           
00000000  __TI_static_base__             
00000000  g_pfnVectors                   
00000400  __STACK_SIZE                   
00000ab1  __TI_printfi                   
000013ab  __mpu_init                     
000013ad  lcd_init                       
00001469  lcd_putc                       
000014a1  lcd_puts_scroll                
00001563  lcd_puts_scroll2               
00001601  lcd_puts                       
0000161f  lcd_sendCommand                
0000165d  lcd_sendNibble                 
000016a1  lcd_gotoLine                   
000016e1  lcd_setCursorPos               
0000171f  lcd_printf                     
000017fd  __aeabi_uldivmod               
000019f1  __aeabi_dsub                   
000019fb  __aeabi_dadd                   
00001ba7  _system_post_cinit             
00001ba9  button_init                    
00001bd5  button_checkButtons            
00001bdf  button_getButton               
00001c9b  button_getButtonBlocking       
00001caf  button_getButtonChange         
00001cd9  button_getButtonChangeBlocking 
00001d09  timer_waitMillis               
00001d3d  timer_waitMicros               
00001d67  timer_startTimer               
00001db7  timer_stopTimer                
00001dcd  timer_startClock               
00001e19  timer_getClock                 
00001e1f  timer_stopClock                
00001e61  __aeabi_ddiv                   
00001f97  __aeabi_dmul                   
00002095  ldexp                          
00002095  ldexpl                         
00002095  scalbn                         
00002095  scalbnl                        
00002191  shaft_encoder_init             
000021bb  read_shaft_encoder             
000021fb  stepper_init                   
0000222d  move_stepper_motor_by_step     
00002239  main                           
00002285  __aeabi_memcpy                 
00002285  __aeabi_memcpy4                
00002285  __aeabi_memcpy8                
00002285  memcpy                         
00002321  vsnprintf                      
000023a9  __aeabi_cdcmpeq                
000023a9  __aeabi_cdcmple                
0000242f  __aeabi_cdrcmple               
000024b5  __aeabi_memclr                 
000024b5  __aeabi_memclr4                
000024b5  __aeabi_memclr8                
000024b7  __aeabi_memset                 
000024b7  __aeabi_memset4                
000024b7  __aeabi_memset8                
000024bd  memset                         
00002531  __TI_auto_init                 
000025a1  __TI_decompress_lzss           
00002609  frexp                          
00002609  frexpl                         
0000266d  _c_int00                       
000026c1  C$$EXIT                        
000026c5  abort                          
000026cd  exit                           
00002715  ltoa                           
00002769  atoi                           
000027b5  copy_in                        
00002801  __aeabi_d2iz                   
00002849  __aeabi_i2d                    
00002877  strcat                         
00002895  memccpy                        
000028b1  _args_main                     
000028c9  strcmp                         
000028e1  strchr                         
000028f9  _register_unlock               
000028ff  _register_lock                 
00002907  _nop                           
0000290d  copysign                       
0000290d  copysignl                      
00002921  strcpy                         
00002935  strlen                         
00002949  lcd_clear                      
00002959  __TI_decompress_none           
00002967  __TI_zero_init                 
00002973  ResetISR                       
0000297f  _system_pre_init               
00002982  _ctypes_                       
00002b14  __TI_Handler_Table_Base        
00002b20  __TI_Handler_Table_Limit       
00002b28  __TI_CINIT_Base                
00002b38  __TI_CINIT_Limit               
20000000  __stack                        
20000200  __STACK_TOP                    
20000400  __STACK_END                    
20000454  _prevButton                    
20000458  __TI_cleanup_ptr               
2000045c  __TI_dtors_ptr                 
20000460  __TI_enable_exit_profile_output
20000464  _lock                          
20000468  _unlock                        
2000046c  errno                          
20000470  main_func_sp                   
ffffffff  __TI_pprof_out_hndl            
ffffffff  __TI_prof_data_size            
ffffffff  __TI_prof_data_start           
ffffffff  __binit__                      
ffffffff  __c_args__                     
ffffffff  binit                          
UNDEFED   SHT$$INIT_ARRAY$$Base          
UNDEFED   SHT$$INIT_ARRAY$$Limit         

[112 symbols]
