******************************************************************************
                  TI ARM Linker PC v16.9.6                     
******************************************************************************
>> Linked Wed Jan 31 13:26:33 2018

OUTPUT FILE NAME:   <lab3.out>
ENTRY POINT SYMBOL: "_c_int00"  address: 00002629


MEMORY CONFIGURATION

         name            origin    length      used     unused   attr    fill
----------------------  --------  ---------  --------  --------  ----  --------
  FLASH                 00000000   00040000  00002a63  0003d59d  R  X
  SRAM                  20000000   00008000  00000473  00007b8d  RW X


SEGMENT ALLOCATION MAP

run origin  load origin   length   init length attrs members
----------  ----------- ---------- ----------- ----- -------
00000000    00000000    00002a68   00002a68    r-x
  00000000    00000000    0000026c   0000026c    r-- .intvecs
  0000026c    0000026c    000026b6   000026b6    r-x .text
  00002922    00002922    00000109   00000109    r-- .const
  00002a30    00002a30    00000038   00000038    r-- .cinit
20000000    20000000    00000476   00000000    rw-
  20000000    20000000    00000400   00000000    rw- .stack
  20000400    20000400    00000055   00000000    rw- .bss
  20000458    20000458    0000001e   00000000    rw- .data


SECTION ALLOCATION MAP

 output                                  attributes/
section   page    origin      length       input sections
--------  ----  ----------  ----------   ----------------
.intvecs   0    00000000    0000026c     
                  00000000    0000026c     tm4c123gh6pm_startup_ccs.obj (.intvecs)

.text      0    0000026c    000026b6     
                  0000026c    0000113e     rtsv7M4_T_le_v4SPD16_eabi.lib : _printfi.obj (.text)
                  000013aa    00000002                                   : mpu_init.obj (.text)
                  000013ac    00000334     lcd_stepper.obj (.text)
                  000016e0    000001f4     rtsv7M4_T_le_v4SPD16_eabi.lib : ull_div_t2.obj (.text)
                  000018d4    000001e0     lab3_template.obj (.text)
                  00001ab4    000001b6     rtsv7M4_T_le_v4SPD16_eabi.lib : fd_add_t2.obj (.text)
                  00001c6a    00000002                                   : startup.obj (.text)
                  00001c6c    00000158     Timer.obj (.text)
                  00001dc4    0000014c     button.obj (.text)
                  00001f10    00000136     rtsv7M4_T_le_v4SPD16_eabi.lib : fd_div_t2.obj (.text)
                  00002046    000000fc                                   : fd_mul_t2.obj (.text)
                  00002142    00000002     --HOLE-- [fill = 0]
                  00002144    000000fc                                   : s_scalbn.obj (.text)
                  00002240    0000009c                                   : memcpy_t2.obj (.text)
                  000022dc    00000088                                   : vsnprintf.obj (.text)
                  00002364    00000086                                   : fd_cmp_t2.obj (.text:__aeabi_cdcmple)
                  000023ea    00000086                                   : fd_cmp_t2.obj (.text:__aeabi_cdrcmple)
                  00002470    0000007a                                   : memset_t2.obj (.text)
                  000024ea    00000002     --HOLE-- [fill = 0]
                  000024ec    00000070                                   : autoinit.obj (.text)
                  0000255c    00000068                                   : copy_decompress_lzss.obj (.text:decompress:lzss)
                  000025c4    00000064                                   : s_frexp.obj (.text)
                  00002628    00000054                                   : boot.obj (.text)
                  0000267c    00000054                                   : exit.obj (.text)
                  000026d0    00000054                                   : ltoa.obj (.text)
                  00002724    0000004c                                   : atoi.obj (.text)
                  00002770    0000004c                                   : cpy_tbl.obj (.text)
                  000027bc    00000048                                   : fd_toi_t2.obj (.text)
                  00002804    0000002e                                   : i_tofd_t2.obj (.text)
                  00002832    0000001c                                   : memccpy.obj (.text)
                  0000284e    00000002     --HOLE-- [fill = 0]
                  00002850    00000018                                   : args_main.obj (.text)
                  00002868    00000018                                   : strcmp.obj (.text)
                  00002880    00000016                                   : strchr.obj (.text)
                  00002896    00000002     --HOLE-- [fill = 0]
                  00002898    00000014                                   : _lock.obj (.text)
                  000028ac    00000014                                   : s_copysign.obj (.text)
                  000028c0    00000014                                   : strcpy.obj (.text)
                  000028d4    00000014                                   : strlen.obj (.text)
                  000028e8    00000010     lcd_stepper.obj (.text:lcd_clear)
                  000028f8    0000000e     rtsv7M4_T_le_v4SPD16_eabi.lib : copy_decompress_none.obj (.text:decompress:none)
                  00002906    0000000c                                   : copy_zero_init.obj (.text:decompress:ZI)
                  00002912    0000000c     tm4c123gh6pm_startup_ccs.obj (.text)
                  0000291e    00000004     rtsv7M4_T_le_v4SPD16_eabi.lib : pre_init.obj (.text)

.const     0    00002922    00000109     
                  00002922    00000101     rtsv7M4_T_le_v4SPD16_eabi.lib : ctype.obj (.const:.string:_ctypes_)
                  00002a23    00000004     lcd_stepper.obj (.const:.string:lineAddress$1)
                  00002a27    00000004     lcd_stepper.obj (.const:.string:lineAddresses$2)

.cinit     0    00002a30    00000038     
                  00002a30    00000012     (.cinit..data.load) [load image, compression = lzss]
                  00002a42    00000002     --HOLE-- [fill = 0]
                  00002a44    0000000c     (__TI_handler_table)
                  00002a50    00000008     (.cinit..bss.load) [load image, compression = zero_init]
                  00002a58    00000010     (__TI_cinit_table)

.init_array 
*          0    00000000    00000000     UNINITIALIZED

.stack     0    20000000    00000400     UNINITIALIZED
                  20000000    00000400     --HOLE--

.bss       0    20000400    00000055     UNINITIALIZED
                  20000400    00000054     lcd_stepper.obj (.bss:lastbuffer$3)
                  20000454    00000001     (.common:_prevButton)

.data      0    20000458    0000001e     UNINITIALIZED
                  20000458    0000000c     rtsv7M4_T_le_v4SPD16_eabi.lib : exit.obj (.data:$O1$$)
                  20000464    00000008                                   : _lock.obj (.data:$O1$$)
                  2000046c    00000004                                   : errno.obj (.data)
                  20000470    00000004                                   : stkdepth_vars.obj (.data)
                  20000474    00000001     button.obj (.data)
                  20000475    00000001     lab3_template.obj (.data)

MODULE SUMMARY

       Module                         code   ro data   rw data
       ------                         ----   -------   -------
    .\
       lcd_stepper.obj                836    8         84     
       tm4c123gh6pm_startup_ccs.obj   12     620       0      
       lab3_template.obj              480    0         1      
       Timer.obj                      344    0         0      
       button.obj                     332    0         2      
    +--+------------------------------+------+---------+---------+
       Total:                         2004   628       87     
                                                              
    C:\ti\ccsv7\tools\compiler\ti-cgt-arm_16.9.6.LTS\lib\rtsv7M4_T_le_v4SPD16_eabi.lib
       _printfi.obj                   4414   0         0      
       ull_div_t2.obj                 500    0         0      
       fd_add_t2.obj                  438    0         0      
       fd_div_t2.obj                  310    0         0      
       fd_cmp_t2.obj                  268    0         0      
       ctype.obj                      0      257       0      
       fd_mul_t2.obj                  252    0         0      
       s_scalbn.obj                   252    0         0      
       memcpy_t2.obj                  156    0         0      
       vsnprintf.obj                  136    0         0      
       memset_t2.obj                  122    0         0      
       autoinit.obj                   112    0         0      
       copy_decompress_lzss.obj       104    0         0      
       s_frexp.obj                    100    0         0      
       exit.obj                       84     0         12     
       boot.obj                       84     0         0      
       ltoa.obj                       84     0         0      
       atoi.obj                       76     0         0      
       cpy_tbl.obj                    76     0         0      
       fd_toi_t2.obj                  72     0         0      
       i_tofd_t2.obj                  46     0         0      
       _lock.obj                      20     0         8      
       memccpy.obj                    28     0         0      
       args_main.obj                  24     0         0      
       strcmp.obj                     24     0         0      
       strchr.obj                     22     0         0      
       s_copysign.obj                 20     0         0      
       strcpy.obj                     20     0         0      
       strlen.obj                     20     0         0      
       copy_decompress_none.obj       14     0         0      
       copy_zero_init.obj             12     0         0      
       errno.obj                      0      0         4      
       pre_init.obj                   4      0         0      
       stkdepth_vars.obj              0      0         4      
       mpu_init.obj                   2      0         0      
       startup.obj                    2      0         0      
    +--+------------------------------+------+---------+---------+
       Total:                         7898   257       28     
                                                              
       Stack:                         0      0         1024   
       Linker Generated:              0      54        0      
    +--+------------------------------+------+---------+---------+
       Grand Total:                   9902   939       1139   


LINKER GENERATED COPY TABLES

__TI_cinit_table @ 00002a58 records: 2, size/record: 8, table size: 16
	.data: load addr=00002a30, load size=00000012 bytes, run addr=20000458, run size=0000001e bytes, compression=lzss
	.bss: load addr=00002a50, load size=00000008 bytes, run addr=20000400, run size=00000055 bytes, compression=zero_init


LINKER GENERATED HANDLER TABLE

__TI_handler_table @ 00002a44 records: 3, size/record: 4, table size: 12
	index: 0, handler: __TI_decompress_lzss
	index: 1, handler: __TI_decompress_none
	index: 2, handler: __TI_zero_init


GLOBAL SYMBOLS: SORTED ALPHABETICALLY BY Name 

address   name                           
-------   ----                           
0000267d  C$$EXIT                        
00002913  ResetISR                       
UNDEFED   SHT$$INIT_ARRAY$$Base          
UNDEFED   SHT$$INIT_ARRAY$$Limit         
20000400  __STACK_END                    
00000400  __STACK_SIZE                   
20000200  __STACK_TOP                    
00002a58  __TI_CINIT_Base                
00002a68  __TI_CINIT_Limit               
00002a44  __TI_Handler_Table_Base        
00002a50  __TI_Handler_Table_Limit       
000024ed  __TI_auto_init                 
20000458  __TI_cleanup_ptr               
0000255d  __TI_decompress_lzss           
000028f9  __TI_decompress_none           
2000045c  __TI_dtors_ptr                 
20000460  __TI_enable_exit_profile_output
ffffffff  __TI_pprof_out_hndl            
00000ab1  __TI_printfi                   
ffffffff  __TI_prof_data_size            
ffffffff  __TI_prof_data_start           
00000000  __TI_static_base__             
00002907  __TI_zero_init                 
00002365  __aeabi_cdcmpeq                
00002365  __aeabi_cdcmple                
000023eb  __aeabi_cdrcmple               
000027bd  __aeabi_d2iz                   
00001abf  __aeabi_dadd                   
00001f11  __aeabi_ddiv                   
00002047  __aeabi_dmul                   
00001ab5  __aeabi_dsub                   
00002805  __aeabi_i2d                    
00002471  __aeabi_memclr                 
00002471  __aeabi_memclr4                
00002471  __aeabi_memclr8                
00002241  __aeabi_memcpy                 
00002241  __aeabi_memcpy4                
00002241  __aeabi_memcpy8                
00002473  __aeabi_memset                 
00002473  __aeabi_memset4                
00002473  __aeabi_memset8                
000016e1  __aeabi_uldivmod               
ffffffff  __binit__                      
ffffffff  __c_args__                     
000013ab  __mpu_init                     
20000000  __stack                        
00002851  _args_main                     
00002629  _c_int00                       
00002922  _ctypes_                       
20000464  _lock                          
000028a7  _nop                           
20000454  _prevButton                    
0000289f  _register_lock                 
00002899  _register_unlock               
00001c6b  _system_post_cinit             
0000291f  _system_pre_init               
20000468  _unlock                        
00002681  abort                          
00002725  atoi                           
ffffffff  binit                          
00001df1  button_checkButtons            
00001dfb  button_getButton               
00001ea3  button_getButtonBlocking       
00001eb7  button_getButtonChange         
00001ee1  button_getButtonChangeBlocking 
00001dc5  button_init                    
00002771  copy_in                        
000028ad  copysign                       
000028ad  copysignl                      
2000046c  errno                          
00002689  exit                           
000025c5  frexp                          
000025c5  frexpl                         
00000000  g_pfnVectors                   
000028e9  lcd_clear                      
0000158d  lcd_gotoLine                   
000013e9  lcd_init                       
000015f3  lcd_printf                     
000014a9  lcd_putc                       
000014e1  lcd_puts                       
000013ad  lcd_reverseNibble              
000014ff  lcd_sendCommand                
0000153d  lcd_sendNibble                 
000015b5  lcd_setCursorPos               
00002145  ldexp                          
00002145  ldexpl                         
000026d1  ltoa                           
00001a3b  main                           
20000470  main_func_sp                   
00002833  memccpy                        
00002241  memcpy                         
00002479  memset                         
0000197d  move_stepper_motor_by_step     
000018ff  read_shaft_encoder             
00002145  scalbn                         
00002145  scalbnl                        
000018d5  shaft_encoder_init             
0000194b  stepper_init                   
00002881  strchr                         
00002869  strcmp                         
000028c1  strcpy                         
000028d5  strlen                         
00001d7d  timer_getClock                 
00001d31  timer_startClock               
00001ccb  timer_startTimer               
00001d83  timer_stopClock                
00001d1b  timer_stopTimer                
00001ca1  timer_waitMicros               
00001c6d  timer_waitMillis               
000022dd  vsnprintf                      


GLOBAL SYMBOLS: SORTED BY Symbol Address 

address   name                           
-------   ----                           
00000000  __TI_static_base__             
00000000  g_pfnVectors                   
00000400  __STACK_SIZE                   
00000ab1  __TI_printfi                   
000013ab  __mpu_init                     
000013ad  lcd_reverseNibble              
000013e9  lcd_init                       
000014a9  lcd_putc                       
000014e1  lcd_puts                       
000014ff  lcd_sendCommand                
0000153d  lcd_sendNibble                 
0000158d  lcd_gotoLine                   
000015b5  lcd_setCursorPos               
000015f3  lcd_printf                     
000016e1  __aeabi_uldivmod               
000018d5  shaft_encoder_init             
000018ff  read_shaft_encoder             
0000194b  stepper_init                   
0000197d  move_stepper_motor_by_step     
00001a3b  main                           
00001ab5  __aeabi_dsub                   
00001abf  __aeabi_dadd                   
00001c6b  _system_post_cinit             
00001c6d  timer_waitMillis               
00001ca1  timer_waitMicros               
00001ccb  timer_startTimer               
00001d1b  timer_stopTimer                
00001d31  timer_startClock               
00001d7d  timer_getClock                 
00001d83  timer_stopClock                
00001dc5  button_init                    
00001df1  button_checkButtons            
00001dfb  button_getButton               
00001ea3  button_getButtonBlocking       
00001eb7  button_getButtonChange         
00001ee1  button_getButtonChangeBlocking 
00001f11  __aeabi_ddiv                   
00002047  __aeabi_dmul                   
00002145  ldexp                          
00002145  ldexpl                         
00002145  scalbn                         
00002145  scalbnl                        
00002241  __aeabi_memcpy                 
00002241  __aeabi_memcpy4                
00002241  __aeabi_memcpy8                
00002241  memcpy                         
000022dd  vsnprintf                      
00002365  __aeabi_cdcmpeq                
00002365  __aeabi_cdcmple                
000023eb  __aeabi_cdrcmple               
00002471  __aeabi_memclr                 
00002471  __aeabi_memclr4                
00002471  __aeabi_memclr8                
00002473  __aeabi_memset                 
00002473  __aeabi_memset4                
00002473  __aeabi_memset8                
00002479  memset                         
000024ed  __TI_auto_init                 
0000255d  __TI_decompress_lzss           
000025c5  frexp                          
000025c5  frexpl                         
00002629  _c_int00                       
0000267d  C$$EXIT                        
00002681  abort                          
00002689  exit                           
000026d1  ltoa                           
00002725  atoi                           
00002771  copy_in                        
000027bd  __aeabi_d2iz                   
00002805  __aeabi_i2d                    
00002833  memccpy                        
00002851  _args_main                     
00002869  strcmp                         
00002881  strchr                         
00002899  _register_unlock               
0000289f  _register_lock                 
000028a7  _nop                           
000028ad  copysign                       
000028ad  copysignl                      
000028c1  strcpy                         
000028d5  strlen                         
000028e9  lcd_clear                      
000028f9  __TI_decompress_none           
00002907  __TI_zero_init                 
00002913  ResetISR                       
0000291f  _system_pre_init               
00002922  _ctypes_                       
00002a44  __TI_Handler_Table_Base        
00002a50  __TI_Handler_Table_Limit       
00002a58  __TI_CINIT_Base                
00002a68  __TI_CINIT_Limit               
20000000  __stack                        
20000200  __STACK_TOP                    
20000400  __STACK_END                    
20000454  _prevButton                    
20000458  __TI_cleanup_ptr               
2000045c  __TI_dtors_ptr                 
20000460  __TI_enable_exit_profile_output
20000464  _lock                          
20000468  _unlock                        
2000046c  errno                          
20000470  main_func_sp                   
ffffffff  __TI_pprof_out_hndl            
ffffffff  __TI_prof_data_size            
ffffffff  __TI_prof_data_start           
ffffffff  __binit__                      
ffffffff  __c_args__                     
ffffffff  binit                          
UNDEFED   SHT$$INIT_ARRAY$$Base          
UNDEFED   SHT$$INIT_ARRAY$$Limit         

[110 symbols]
