******************************************************************************
                  TI ARM Linker PC v16.9.6                     
******************************************************************************
>> Linked Sun Mar 25 14:42:24 2018

OUTPUT FILE NAME:   <lab4.out>
ENTRY POINT SYMBOL: "_c_int00"  address: 000026d5


MEMORY CONFIGURATION

         name            origin    length      used     unused   attr    fill
----------------------  --------  ---------  --------  --------  ----  --------
  FLASH                 00000000   00040000  00002b73  0003d48d  R  X
  SRAM                  20000000   00008000  00000472  00007b8e  RW X


SEGMENT ALLOCATION MAP

run origin  load origin   length   init length attrs members
----------  ----------- ---------- ----------- ----- -------
00000000    00000000    00002b78   00002b78    r-x
  00000000    00000000    0000026c   0000026c    r-- .intvecs
  0000026c    0000026c    000027c6   000027c6    r-x .text
  00002a32    00002a32    00000109   00000109    r-- .const
  00002b40    00002b40    00000038   00000038    r-- .cinit
20000000    20000000    00000475   00000000    rw-
  20000000    20000000    00000400   00000000    rw- .stack
  20000400    20000400    00000055   00000000    rw- .bss
  20000458    20000458    0000001d   00000000    rw- .data


SECTION ALLOCATION MAP

 output                                  attributes/
section   page    origin      length       input sections
--------  ----  ----------  ----------   ----------------
.intvecs   0    00000000    0000026c     
                  00000000    0000026c     tm4c123gh6pm_startup_ccs.obj (.intvecs)

.text      0    0000026c    000027c6     
                  0000026c    0000113e     rtsv7M4_T_le_v4SPD16_eabi.lib : _printfi.obj (.text)
                  000013aa    00000002                                   : mpu_init.obj (.text)
                  000013ac    000002e8     lcd.obj (.text)
                  00001694    000001f4     rtsv7M4_T_le_v4SPD16_eabi.lib : ull_div_t2.obj (.text)
                  00001888    000001b6                                   : fd_add_t2.obj (.text)
                  00001a3e    00000002                                   : startup.obj (.text)
                  00001a40    0000019c     servo.obj (.text)
                  00001bdc    00000158     Timer.obj (.text)
                  00001d34    00000148     button.obj (.text)
                  00001e7c    00000140     clock_intr.obj (.text)
                  00001fbc    00000136     rtsv7M4_T_le_v4SPD16_eabi.lib : fd_div_t2.obj (.text)
                  000020f2    000000fc                                   : fd_mul_t2.obj (.text)
                  000021ee    00000002     --HOLE-- [fill = 0]
                  000021f0    000000fc                                   : s_scalbn.obj (.text)
                  000022ec    0000009c                                   : memcpy_t2.obj (.text)
                  00002388    00000088                                   : vsnprintf.obj (.text)
                  00002410    00000086                                   : fd_cmp_t2.obj (.text:__aeabi_cdcmple)
                  00002496    00000086                                   : fd_cmp_t2.obj (.text:__aeabi_cdrcmple)
                  0000251c    0000007a                                   : memset_t2.obj (.text)
                  00002596    00000002     --HOLE-- [fill = 0]
                  00002598    00000070                                   : autoinit.obj (.text)
                  00002608    00000068                                   : copy_decompress_lzss.obj (.text:decompress:lzss)
                  00002670    00000064                                   : s_frexp.obj (.text)
                  000026d4    00000054                                   : boot.obj (.text)
                  00002728    00000054                                   : exit.obj (.text)
                  0000277c    00000054                                   : ltoa.obj (.text)
                  000027d0    0000004c                                   : atoi.obj (.text)
                  0000281c    0000004c                                   : cpy_tbl.obj (.text)
                  00002868    00000048                                   : fd_toi_t2.obj (.text)
                  000028b0    00000044                                   : fd_tou_t2.obj (.text)
                  000028f4    0000002e                                   : i_tofd_t2.obj (.text)
                  00002922    00000020                                   : u_tofd_t2.obj (.text)
                  00002942    0000001c                                   : memccpy.obj (.text)
                  0000295e    00000002     --HOLE-- [fill = 0]
                  00002960    00000018                                   : args_main.obj (.text)
                  00002978    00000018                                   : strcmp.obj (.text)
                  00002990    00000016                                   : strchr.obj (.text)
                  000029a6    00000002     --HOLE-- [fill = 0]
                  000029a8    00000014                                   : _lock.obj (.text)
                  000029bc    00000014                                   : s_copysign.obj (.text)
                  000029d0    00000014                                   : strcpy.obj (.text)
                  000029e4    00000014                                   : strlen.obj (.text)
                  000029f8    00000010     lcd.obj (.text:lcd_clear)
                  00002a08    0000000e     rtsv7M4_T_le_v4SPD16_eabi.lib : copy_decompress_none.obj (.text:decompress:none)
                  00002a16    0000000c                                   : copy_zero_init.obj (.text:decompress:ZI)
                  00002a22    0000000c     tm4c123gh6pm_startup_ccs.obj (.text)
                  00002a2e    00000004     rtsv7M4_T_le_v4SPD16_eabi.lib : pre_init.obj (.text)

.const     0    00002a32    00000109     
                  00002a32    00000101     rtsv7M4_T_le_v4SPD16_eabi.lib : ctype.obj (.const:.string:_ctypes_)
                  00002b33    00000004     lcd.obj (.const:.string:lineAddress$1)
                  00002b37    00000004     lcd.obj (.const:.string:lineAddresses$2)

.cinit     0    00002b40    00000038     
                  00002b40    00000011     (.cinit..data.load) [load image, compression = lzss]
                  00002b51    00000003     --HOLE-- [fill = 0]
                  00002b54    0000000c     (__TI_handler_table)
                  00002b60    00000008     (.cinit..bss.load) [load image, compression = zero_init]
                  00002b68    00000010     (__TI_cinit_table)

.init_array 
*          0    00000000    00000000     UNINITIALIZED

.stack     0    20000000    00000400     UNINITIALIZED
                  20000000    00000400     --HOLE--

.bss       0    20000400    00000055     UNINITIALIZED
                  20000400    00000054     lcd.obj (.bss:lastbuffer$3)
                  20000454    00000001     (.common:_prevButton)

.data      0    20000458    0000001d     UNINITIALIZED
                  20000458    0000000c     rtsv7M4_T_le_v4SPD16_eabi.lib : exit.obj (.data:$O1$$)
                  20000464    00000008                                   : _lock.obj (.data:$O1$$)
                  2000046c    00000004                                   : errno.obj (.data)
                  20000470    00000004                                   : stkdepth_vars.obj (.data)
                  20000474    00000001     button.obj (.data)

MODULE SUMMARY

       Module                         code    ro data   rw data
       ------                         ----    -------   -------
    .\
       lcd.obj                        760     8         84     
       tm4c123gh6pm_startup_ccs.obj   12      620       0      
       servo.obj                      412     0         0      
       Timer.obj                      344     0         0      
       button.obj                     328     0         2      
       clock_intr.obj                 320     0         0      
    +--+------------------------------+-------+---------+---------+
       Total:                         2176    628       86     
                                                               
    C:\ti\ccsv7\tools\compiler\ti-cgt-arm_16.9.6.LTS\lib\rtsv7M4_T_le_v4SPD16_eabi.lib
       _printfi.obj                   4414    0         0      
       ull_div_t2.obj                 500     0         0      
       fd_add_t2.obj                  438     0         0      
       fd_div_t2.obj                  310     0         0      
       fd_cmp_t2.obj                  268     0         0      
       ctype.obj                      0       257       0      
       fd_mul_t2.obj                  252     0         0      
       s_scalbn.obj                   252     0         0      
       memcpy_t2.obj                  156     0         0      
       vsnprintf.obj                  136     0         0      
       memset_t2.obj                  122     0         0      
       autoinit.obj                   112     0         0      
       copy_decompress_lzss.obj       104     0         0      
       s_frexp.obj                    100     0         0      
       exit.obj                       84      0         12     
       boot.obj                       84      0         0      
       ltoa.obj                       84      0         0      
       atoi.obj                       76      0         0      
       cpy_tbl.obj                    76      0         0      
       fd_toi_t2.obj                  72      0         0      
       fd_tou_t2.obj                  68      0         0      
       i_tofd_t2.obj                  46      0         0      
       u_tofd_t2.obj                  32      0         0      
       _lock.obj                      20      0         8      
       memccpy.obj                    28      0         0      
       args_main.obj                  24      0         0      
       strcmp.obj                     24      0         0      
       strchr.obj                     22      0         0      
       s_copysign.obj                 20      0         0      
       strcpy.obj                     20      0         0      
       strlen.obj                     20      0         0      
       copy_decompress_none.obj       14      0         0      
       copy_zero_init.obj             12      0         0      
       errno.obj                      0       0         4      
       pre_init.obj                   4       0         0      
       stkdepth_vars.obj              0       0         4      
       mpu_init.obj                   2       0         0      
       startup.obj                    2       0         0      
    +--+------------------------------+-------+---------+---------+
       Total:                         7998    257       28     
                                                               
       Stack:                         0       0         1024   
       Linker Generated:              0       53        0      
    +--+------------------------------+-------+---------+---------+
       Grand Total:                   10174   938       1138   


LINKER GENERATED COPY TABLES

__TI_cinit_table @ 00002b68 records: 2, size/record: 8, table size: 16
	.data: load addr=00002b40, load size=00000011 bytes, run addr=20000458, run size=0000001d bytes, compression=lzss
	.bss: load addr=00002b60, load size=00000008 bytes, run addr=20000400, run size=00000055 bytes, compression=zero_init


LINKER GENERATED HANDLER TABLE

__TI_handler_table @ 00002b54 records: 3, size/record: 4, table size: 12
	index: 0, handler: __TI_decompress_lzss
	index: 1, handler: __TI_decompress_none
	index: 2, handler: __TI_zero_init


GLOBAL SYMBOLS: SORTED ALPHABETICALLY BY Name 

address   name                           
-------   ----                           
00002729  C$$EXIT                        
00002a23  ResetISR                       
UNDEFED   SHT$$INIT_ARRAY$$Base          
UNDEFED   SHT$$INIT_ARRAY$$Limit         
20000400  __STACK_END                    
00000400  __STACK_SIZE                   
20000200  __STACK_TOP                    
00002b68  __TI_CINIT_Base                
00002b78  __TI_CINIT_Limit               
00002b54  __TI_Handler_Table_Base        
00002b60  __TI_Handler_Table_Limit       
00002599  __TI_auto_init                 
20000458  __TI_cleanup_ptr               
00002609  __TI_decompress_lzss           
00002a09  __TI_decompress_none           
2000045c  __TI_dtors_ptr                 
20000460  __TI_enable_exit_profile_output
ffffffff  __TI_pprof_out_hndl            
00000ab1  __TI_printfi                   
ffffffff  __TI_prof_data_size            
ffffffff  __TI_prof_data_start           
00000000  __TI_static_base__             
00002a17  __TI_zero_init                 
00002411  __aeabi_cdcmpeq                
00002411  __aeabi_cdcmple                
00002497  __aeabi_cdrcmple               
00002869  __aeabi_d2iz                   
000028b1  __aeabi_d2uiz                  
00001893  __aeabi_dadd                   
00001fbd  __aeabi_ddiv                   
000020f3  __aeabi_dmul                   
00001889  __aeabi_dsub                   
000028f5  __aeabi_i2d                    
0000251d  __aeabi_memclr                 
0000251d  __aeabi_memclr4                
0000251d  __aeabi_memclr8                
000022ed  __aeabi_memcpy                 
000022ed  __aeabi_memcpy4                
000022ed  __aeabi_memcpy8                
0000251f  __aeabi_memset                 
0000251f  __aeabi_memset4                
0000251f  __aeabi_memset8                
00002923  __aeabi_ui2d                   
00001695  __aeabi_uldivmod               
ffffffff  __binit__                      
ffffffff  __c_args__                     
000013ab  __mpu_init                     
20000000  __stack                        
00002961  _args_main                     
000026d5  _c_int00                       
00002a32  _ctypes_                       
20000464  _lock                          
000029b7  _nop                           
20000454  _prevButton                    
000029af  _register_lock                 
000029a9  _register_unlock               
00001a3f  _system_post_cinit             
00002a2f  _system_pre_init               
20000468  _unlock                        
0000272d  abort                          
000027d1  atoi                           
ffffffff  binit                          
00001d61  button_checkButtons            
00001d6b  button_getButton               
00001e11  button_getButtonBlocking       
00001e25  button_getButtonChange         
00001e4f  button_getButtonChangeBlocking 
00001d35  button_init                    
0000281d  copy_in                        
000029bd  copysign                       
000029bd  copysignl                      
2000046c  errno                          
00002735  exit                           
00002671  frexp                          
00002671  frexpl                         
00000000  g_pfnVectors                   
000029f9  lcd_clear                      
00001541  lcd_gotoLine                   
000013ad  lcd_init                       
000015a7  lcd_printf                     
00001469  lcd_putc                       
000014a1  lcd_puts                       
000014bf  lcd_sendCommand                
000014fd  lcd_sendNibble                 
00001569  lcd_setCursorPos               
000021f1  ldexp                          
000021f1  ldexpl                         
0000277d  ltoa                           
00001e7d  main                           
20000470  main_func_sp                   
00002943  memccpy                        
000022ed  memcpy                         
00002525  memset                         
000021f1  scalbn                         
000021f1  scalbnl                        
00001a41  servo_init                     
00001afb  set_angle                      
00002991  strchr                         
00002979  strcmp                         
000029d1  strcpy                         
000029e5  strlen                         
00001ced  timer_getClock                 
00001ca1  timer_startClock               
00001c3b  timer_startTimer               
00001cf3  timer_stopClock                
00001c8b  timer_stopTimer                
00001c11  timer_waitMicros               
00001bdd  timer_waitMillis               
00002389  vsnprintf                      


GLOBAL SYMBOLS: SORTED BY Symbol Address 

address   name                           
-------   ----                           
00000000  __TI_static_base__             
00000000  g_pfnVectors                   
00000400  __STACK_SIZE                   
00000ab1  __TI_printfi                   
000013ab  __mpu_init                     
000013ad  lcd_init                       
00001469  lcd_putc                       
000014a1  lcd_puts                       
000014bf  lcd_sendCommand                
000014fd  lcd_sendNibble                 
00001541  lcd_gotoLine                   
00001569  lcd_setCursorPos               
000015a7  lcd_printf                     
00001695  __aeabi_uldivmod               
00001889  __aeabi_dsub                   
00001893  __aeabi_dadd                   
00001a3f  _system_post_cinit             
00001a41  servo_init                     
00001afb  set_angle                      
00001bdd  timer_waitMillis               
00001c11  timer_waitMicros               
00001c3b  timer_startTimer               
00001c8b  timer_stopTimer                
00001ca1  timer_startClock               
00001ced  timer_getClock                 
00001cf3  timer_stopClock                
00001d35  button_init                    
00001d61  button_checkButtons            
00001d6b  button_getButton               
00001e11  button_getButtonBlocking       
00001e25  button_getButtonChange         
00001e4f  button_getButtonChangeBlocking 
00001e7d  main                           
00001fbd  __aeabi_ddiv                   
000020f3  __aeabi_dmul                   
000021f1  ldexp                          
000021f1  ldexpl                         
000021f1  scalbn                         
000021f1  scalbnl                        
000022ed  __aeabi_memcpy                 
000022ed  __aeabi_memcpy4                
000022ed  __aeabi_memcpy8                
000022ed  memcpy                         
00002389  vsnprintf                      
00002411  __aeabi_cdcmpeq                
00002411  __aeabi_cdcmple                
00002497  __aeabi_cdrcmple               
0000251d  __aeabi_memclr                 
0000251d  __aeabi_memclr4                
0000251d  __aeabi_memclr8                
0000251f  __aeabi_memset                 
0000251f  __aeabi_memset4                
0000251f  __aeabi_memset8                
00002525  memset                         
00002599  __TI_auto_init                 
00002609  __TI_decompress_lzss           
00002671  frexp                          
00002671  frexpl                         
000026d5  _c_int00                       
00002729  C$$EXIT                        
0000272d  abort                          
00002735  exit                           
0000277d  ltoa                           
000027d1  atoi                           
0000281d  copy_in                        
00002869  __aeabi_d2iz                   
000028b1  __aeabi_d2uiz                  
000028f5  __aeabi_i2d                    
00002923  __aeabi_ui2d                   
00002943  memccpy                        
00002961  _args_main                     
00002979  strcmp                         
00002991  strchr                         
000029a9  _register_unlock               
000029af  _register_lock                 
000029b7  _nop                           
000029bd  copysign                       
000029bd  copysignl                      
000029d1  strcpy                         
000029e5  strlen                         
000029f9  lcd_clear                      
00002a09  __TI_decompress_none           
00002a17  __TI_zero_init                 
00002a23  ResetISR                       
00002a2f  _system_pre_init               
00002a32  _ctypes_                       
00002b54  __TI_Handler_Table_Base        
00002b60  __TI_Handler_Table_Limit       
00002b68  __TI_CINIT_Base                
00002b78  __TI_CINIT_Limit               
20000000  __stack                        
20000200  __STACK_TOP                    
20000400  __STACK_END                    
20000454  _prevButton                    
20000458  __TI_cleanup_ptr               
2000045c  __TI_dtors_ptr                 
20000460  __TI_enable_exit_profile_output
20000464  _lock                          
20000468  _unlock                        
2000046c  errno                          
20000470  main_func_sp                   
ffffffff  __TI_pprof_out_hndl            
ffffffff  __TI_prof_data_size            
ffffffff  __TI_prof_data_start           
ffffffff  __binit__                      
ffffffff  __c_args__                     
ffffffff  binit                          
UNDEFED   SHT$$INIT_ARRAY$$Base          
UNDEFED   SHT$$INIT_ARRAY$$Limit         

[109 symbols]
