<?xml version="1.0"?>
<link_info>
   <banner>TI ARM Linker PC v16.9.6.LTS</banner>
   <copyright>Copyright (c) 1996-2017 Texas Instruments Incorporated</copyright>
   <link_time>0x5ab7fba0</link_time>
   <link_errors>0x0</link_errors>
   <output_file>lab4.out</output_file>
   <entry_point>
      <name>_c_int00</name>
      <address>0x26d5</address>
   </entry_point>
   <input_file_list>
      <input_file id="fl-2">
         <path>.\</path>
         <kind>object</kind>
         <file>Timer.obj</file>
         <name>Timer.obj</name>
      </input_file>
      <input_file id="fl-3">
         <path>.\</path>
         <kind>object</kind>
         <file>WiFi.obj</file>
         <name>WiFi.obj</name>
      </input_file>
      <input_file id="fl-4">
         <path>.\</path>
         <kind>object</kind>
         <file>adc.obj</file>
         <name>adc.obj</name>
      </input_file>
      <input_file id="fl-5">
         <path>.\</path>
         <kind>object</kind>
         <file>button.obj</file>
         <name>button.obj</name>
      </input_file>
      <input_file id="fl-6">
         <path>.\</path>
         <kind>object</kind>
         <file>clock_intr.obj</file>
         <name>clock_intr.obj</name>
      </input_file>
      <input_file id="fl-7">
         <path>.\</path>
         <kind>object</kind>
         <file>lcd.obj</file>
         <name>lcd.obj</name>
      </input_file>
      <input_file id="fl-8">
         <path>.\</path>
         <kind>object</kind>
         <file>ping.obj</file>
         <name>ping.obj</name>
      </input_file>
      <input_file id="fl-9">
         <path>.\</path>
         <kind>object</kind>
         <file>servo.obj</file>
         <name>servo.obj</name>
      </input_file>
      <input_file id="fl-a">
         <path>.\</path>
         <kind>object</kind>
         <file>tm4c123gh6pm_startup_ccs.obj</file>
         <name>tm4c123gh6pm_startup_ccs.obj</name>
      </input_file>
      <input_file id="fl-b">
         <path>.\</path>
         <kind>object</kind>
         <file>uart.obj</file>
         <name>uart.obj</name>
      </input_file>
      <input_file id="fl-10">
         <kind>object</kind>
         <file>&lt;internal&gt;</file>
         <name>&lt;internal&gt;</name>
      </input_file>
      <input_file id="fl-c6">
         <path>C:\ti\ccsv7\tools\compiler\ti-cgt-arm_16.9.6.LTS\lib\</path>
         <kind>archive</kind>
         <file>rtsv7M4_T_le_v4SPD16_eabi.lib</file>
         <name>boot.obj</name>
      </input_file>
      <input_file id="fl-c7">
         <path>C:\ti\ccsv7\tools\compiler\ti-cgt-arm_16.9.6.LTS\lib\</path>
         <kind>archive</kind>
         <file>rtsv7M4_T_le_v4SPD16_eabi.lib</file>
         <name>copy_decompress_lzss.obj</name>
      </input_file>
      <input_file id="fl-c8">
         <path>C:\ti\ccsv7\tools\compiler\ti-cgt-arm_16.9.6.LTS\lib\</path>
         <kind>archive</kind>
         <file>rtsv7M4_T_le_v4SPD16_eabi.lib</file>
         <name>copy_decompress_none.obj</name>
      </input_file>
      <input_file id="fl-c9">
         <path>C:\ti\ccsv7\tools\compiler\ti-cgt-arm_16.9.6.LTS\lib\</path>
         <kind>archive</kind>
         <file>rtsv7M4_T_le_v4SPD16_eabi.lib</file>
         <name>copy_zero_init.obj</name>
      </input_file>
      <input_file id="fl-ca">
         <path>C:\ti\ccsv7\tools\compiler\ti-cgt-arm_16.9.6.LTS\lib\</path>
         <kind>archive</kind>
         <file>rtsv7M4_T_le_v4SPD16_eabi.lib</file>
         <name>exit.obj</name>
      </input_file>
      <input_file id="fl-cb">
         <path>C:\ti\ccsv7\tools\compiler\ti-cgt-arm_16.9.6.LTS\lib\</path>
         <kind>archive</kind>
         <file>rtsv7M4_T_le_v4SPD16_eabi.lib</file>
         <name>fd_add_t2.obj</name>
      </input_file>
      <input_file id="fl-cc">
         <path>C:\ti\ccsv7\tools\compiler\ti-cgt-arm_16.9.6.LTS\lib\</path>
         <kind>archive</kind>
         <file>rtsv7M4_T_le_v4SPD16_eabi.lib</file>
         <name>fd_div_t2.obj</name>
      </input_file>
      <input_file id="fl-cd">
         <path>C:\ti\ccsv7\tools\compiler\ti-cgt-arm_16.9.6.LTS\lib\</path>
         <kind>archive</kind>
         <file>rtsv7M4_T_le_v4SPD16_eabi.lib</file>
         <name>fd_mul_t2.obj</name>
      </input_file>
      <input_file id="fl-ce">
         <path>C:\ti\ccsv7\tools\compiler\ti-cgt-arm_16.9.6.LTS\lib\</path>
         <kind>archive</kind>
         <file>rtsv7M4_T_le_v4SPD16_eabi.lib</file>
         <name>fd_tou_t2.obj</name>
      </input_file>
      <input_file id="fl-cf">
         <path>C:\ti\ccsv7\tools\compiler\ti-cgt-arm_16.9.6.LTS\lib\</path>
         <kind>archive</kind>
         <file>rtsv7M4_T_le_v4SPD16_eabi.lib</file>
         <name>i_tofd_t2.obj</name>
      </input_file>
      <input_file id="fl-d0">
         <path>C:\ti\ccsv7\tools\compiler\ti-cgt-arm_16.9.6.LTS\lib\</path>
         <kind>archive</kind>
         <file>rtsv7M4_T_le_v4SPD16_eabi.lib</file>
         <name>memcpy_t2.obj</name>
      </input_file>
      <input_file id="fl-d1">
         <path>C:\ti\ccsv7\tools\compiler\ti-cgt-arm_16.9.6.LTS\lib\</path>
         <kind>archive</kind>
         <file>rtsv7M4_T_le_v4SPD16_eabi.lib</file>
         <name>memset_t2.obj</name>
      </input_file>
      <input_file id="fl-d2">
         <path>C:\ti\ccsv7\tools\compiler\ti-cgt-arm_16.9.6.LTS\lib\</path>
         <kind>archive</kind>
         <file>rtsv7M4_T_le_v4SPD16_eabi.lib</file>
         <name>mpu_init.obj</name>
      </input_file>
      <input_file id="fl-d3">
         <path>C:\ti\ccsv7\tools\compiler\ti-cgt-arm_16.9.6.LTS\lib\</path>
         <kind>archive</kind>
         <file>rtsv7M4_T_le_v4SPD16_eabi.lib</file>
         <name>pre_init.obj</name>
      </input_file>
      <input_file id="fl-d4">
         <path>C:\ti\ccsv7\tools\compiler\ti-cgt-arm_16.9.6.LTS\lib\</path>
         <kind>archive</kind>
         <file>rtsv7M4_T_le_v4SPD16_eabi.lib</file>
         <name>stkdepth_vars.obj</name>
      </input_file>
      <input_file id="fl-d5">
         <path>C:\ti\ccsv7\tools\compiler\ti-cgt-arm_16.9.6.LTS\lib\</path>
         <kind>archive</kind>
         <file>rtsv7M4_T_le_v4SPD16_eabi.lib</file>
         <name>strcmp.obj</name>
      </input_file>
      <input_file id="fl-d6">
         <path>C:\ti\ccsv7\tools\compiler\ti-cgt-arm_16.9.6.LTS\lib\</path>
         <kind>archive</kind>
         <file>rtsv7M4_T_le_v4SPD16_eabi.lib</file>
         <name>strcpy.obj</name>
      </input_file>
      <input_file id="fl-d7">
         <path>C:\ti\ccsv7\tools\compiler\ti-cgt-arm_16.9.6.LTS\lib\</path>
         <kind>archive</kind>
         <file>rtsv7M4_T_le_v4SPD16_eabi.lib</file>
         <name>strlen.obj</name>
      </input_file>
      <input_file id="fl-d8">
         <path>C:\ti\ccsv7\tools\compiler\ti-cgt-arm_16.9.6.LTS\lib\</path>
         <kind>archive</kind>
         <file>rtsv7M4_T_le_v4SPD16_eabi.lib</file>
         <name>u_tofd_t2.obj</name>
      </input_file>
      <input_file id="fl-d9">
         <path>C:\ti\ccsv7\tools\compiler\ti-cgt-arm_16.9.6.LTS\lib\</path>
         <kind>archive</kind>
         <file>rtsv7M4_T_le_v4SPD16_eabi.lib</file>
         <name>vsnprintf.obj</name>
      </input_file>
      <input_file id="fl-da">
         <path>C:\ti\ccsv7\tools\compiler\ti-cgt-arm_16.9.6.LTS\lib\</path>
         <kind>archive</kind>
         <file>rtsv7M4_T_le_v4SPD16_eabi.lib</file>
         <name>_lock.obj</name>
      </input_file>
      <input_file id="fl-db">
         <path>C:\ti\ccsv7\tools\compiler\ti-cgt-arm_16.9.6.LTS\lib\</path>
         <kind>archive</kind>
         <file>rtsv7M4_T_le_v4SPD16_eabi.lib</file>
         <name>_printfi.obj</name>
      </input_file>
      <input_file id="fl-dc">
         <path>C:\ti\ccsv7\tools\compiler\ti-cgt-arm_16.9.6.LTS\lib\</path>
         <kind>archive</kind>
         <file>rtsv7M4_T_le_v4SPD16_eabi.lib</file>
         <name>args_main.obj</name>
      </input_file>
      <input_file id="fl-dd">
         <path>C:\ti\ccsv7\tools\compiler\ti-cgt-arm_16.9.6.LTS\lib\</path>
         <kind>archive</kind>
         <file>rtsv7M4_T_le_v4SPD16_eabi.lib</file>
         <name>atoi.obj</name>
      </input_file>
      <input_file id="fl-de">
         <path>C:\ti\ccsv7\tools\compiler\ti-cgt-arm_16.9.6.LTS\lib\</path>
         <kind>archive</kind>
         <file>rtsv7M4_T_le_v4SPD16_eabi.lib</file>
         <name>autoinit.obj</name>
      </input_file>
      <input_file id="fl-df">
         <path>C:\ti\ccsv7\tools\compiler\ti-cgt-arm_16.9.6.LTS\lib\</path>
         <kind>archive</kind>
         <file>rtsv7M4_T_le_v4SPD16_eabi.lib</file>
         <name>cpy_tbl.obj</name>
      </input_file>
      <input_file id="fl-e0">
         <path>C:\ti\ccsv7\tools\compiler\ti-cgt-arm_16.9.6.LTS\lib\</path>
         <kind>archive</kind>
         <file>rtsv7M4_T_le_v4SPD16_eabi.lib</file>
         <name>ctype.obj</name>
      </input_file>
      <input_file id="fl-e1">
         <path>C:\ti\ccsv7\tools\compiler\ti-cgt-arm_16.9.6.LTS\lib\</path>
         <kind>archive</kind>
         <file>rtsv7M4_T_le_v4SPD16_eabi.lib</file>
         <name>fd_cmp_t2.obj</name>
      </input_file>
      <input_file id="fl-e2">
         <path>C:\ti\ccsv7\tools\compiler\ti-cgt-arm_16.9.6.LTS\lib\</path>
         <kind>archive</kind>
         <file>rtsv7M4_T_le_v4SPD16_eabi.lib</file>
         <name>fd_toi_t2.obj</name>
      </input_file>
      <input_file id="fl-e3">
         <path>C:\ti\ccsv7\tools\compiler\ti-cgt-arm_16.9.6.LTS\lib\</path>
         <kind>archive</kind>
         <file>rtsv7M4_T_le_v4SPD16_eabi.lib</file>
         <name>ltoa.obj</name>
      </input_file>
      <input_file id="fl-e4">
         <path>C:\ti\ccsv7\tools\compiler\ti-cgt-arm_16.9.6.LTS\lib\</path>
         <kind>archive</kind>
         <file>rtsv7M4_T_le_v4SPD16_eabi.lib</file>
         <name>memccpy.obj</name>
      </input_file>
      <input_file id="fl-e5">
         <path>C:\ti\ccsv7\tools\compiler\ti-cgt-arm_16.9.6.LTS\lib\</path>
         <kind>archive</kind>
         <file>rtsv7M4_T_le_v4SPD16_eabi.lib</file>
         <name>s_frexp.obj</name>
      </input_file>
      <input_file id="fl-e6">
         <path>C:\ti\ccsv7\tools\compiler\ti-cgt-arm_16.9.6.LTS\lib\</path>
         <kind>archive</kind>
         <file>rtsv7M4_T_le_v4SPD16_eabi.lib</file>
         <name>s_scalbn.obj</name>
      </input_file>
      <input_file id="fl-e7">
         <path>C:\ti\ccsv7\tools\compiler\ti-cgt-arm_16.9.6.LTS\lib\</path>
         <kind>archive</kind>
         <file>rtsv7M4_T_le_v4SPD16_eabi.lib</file>
         <name>startup.obj</name>
      </input_file>
      <input_file id="fl-e8">
         <path>C:\ti\ccsv7\tools\compiler\ti-cgt-arm_16.9.6.LTS\lib\</path>
         <kind>archive</kind>
         <file>rtsv7M4_T_le_v4SPD16_eabi.lib</file>
         <name>strchr.obj</name>
      </input_file>
      <input_file id="fl-e9">
         <path>C:\ti\ccsv7\tools\compiler\ti-cgt-arm_16.9.6.LTS\lib\</path>
         <kind>archive</kind>
         <file>rtsv7M4_T_le_v4SPD16_eabi.lib</file>
         <name>ull_div_t2.obj</name>
      </input_file>
      <input_file id="fl-ea">
         <path>C:\ti\ccsv7\tools\compiler\ti-cgt-arm_16.9.6.LTS\lib\</path>
         <kind>archive</kind>
         <file>rtsv7M4_T_le_v4SPD16_eabi.lib</file>
         <name>errno.obj</name>
      </input_file>
      <input_file id="fl-eb">
         <path>C:\ti\ccsv7\tools\compiler\ti-cgt-arm_16.9.6.LTS\lib\</path>
         <kind>archive</kind>
         <file>rtsv7M4_T_le_v4SPD16_eabi.lib</file>
         <name>s_copysign.obj</name>
      </input_file>
      <input_file id="fl-ec">
         <path>C:\ti\TivaWare_C_Series-2.1.2.111\driverlib\ccs\Debug\</path>
         <kind>archive</kind>
         <file>driverlib.lib</file>
         <name>interrupt.obj</name>
      </input_file>
      <input_file id="fl-ed">
         <path>C:\ti\TivaWare_C_Series-2.1.2.111\driverlib\ccs\Debug\</path>
         <kind>archive</kind>
         <file>driverlib.lib</file>
         <name>cpu.obj</name>
      </input_file>
   </input_file_list>
   <object_component_list>
      <object_component id="oc-f">
         <name>.intvecs</name>
         <load_address>0x0</load_address>
         <run_address>0x0</run_address>
         <size>0x26c</size>
         <input_file_ref idref="fl-a"/>
      </object_component>
      <object_component id="oc-155">
         <name>.text</name>
         <load_address>0x26c</load_address>
         <run_address>0x26c</run_address>
         <size>0x113e</size>
         <input_file_ref idref="fl-db"/>
      </object_component>
      <object_component id="oc-57">
         <name>.text</name>
         <load_address>0x13aa</load_address>
         <run_address>0x13aa</run_address>
         <size>0x2</size>
         <input_file_ref idref="fl-d2"/>
      </object_component>
      <object_component id="oc-cb">
         <name>.text</name>
         <load_address>0x13ac</load_address>
         <run_address>0x13ac</run_address>
         <size>0x2e8</size>
         <input_file_ref idref="fl-7"/>
      </object_component>
      <object_component id="oc-175">
         <name>.text</name>
         <load_address>0x1694</load_address>
         <run_address>0x1694</run_address>
         <size>0x1f4</size>
         <input_file_ref idref="fl-e9"/>
      </object_component>
      <object_component id="oc-ec">
         <name>.text</name>
         <load_address>0x1888</load_address>
         <run_address>0x1888</run_address>
         <size>0x1b6</size>
         <input_file_ref idref="fl-cb"/>
      </object_component>
      <object_component id="oc-9f">
         <name>.text</name>
         <load_address>0x1a3e</load_address>
         <run_address>0x1a3e</run_address>
         <size>0x2</size>
         <input_file_ref idref="fl-e7"/>
      </object_component>
      <object_component id="oc-d7">
         <name>.text</name>
         <load_address>0x1a40</load_address>
         <run_address>0x1a40</run_address>
         <size>0x19c</size>
         <input_file_ref idref="fl-9"/>
      </object_component>
      <object_component id="oc-f6">
         <name>.text</name>
         <load_address>0x1bdc</load_address>
         <run_address>0x1bdc</run_address>
         <size>0x158</size>
         <input_file_ref idref="fl-2"/>
      </object_component>
      <object_component id="oc-d1">
         <name>.text</name>
         <load_address>0x1d34</load_address>
         <run_address>0x1d34</run_address>
         <size>0x148</size>
         <input_file_ref idref="fl-5"/>
      </object_component>
      <object_component id="oc-a7">
         <name>.text</name>
         <load_address>0x1e7c</load_address>
         <run_address>0x1e7c</run_address>
         <size>0x140</size>
         <input_file_ref idref="fl-6"/>
      </object_component>
      <object_component id="oc-185">
         <name>.text</name>
         <load_address>0x1fbc</load_address>
         <run_address>0x1fbc</run_address>
         <size>0x136</size>
         <input_file_ref idref="fl-cc"/>
      </object_component>
      <object_component id="oc-e7">
         <name>.text</name>
         <load_address>0x20f2</load_address>
         <run_address>0x20f2</run_address>
         <size>0xfc</size>
         <input_file_ref idref="fl-cd"/>
      </object_component>
      <object_component id="oc-1a0">
         <name>.text</name>
         <load_address>0x21f0</load_address>
         <run_address>0x21f0</run_address>
         <size>0xfc</size>
         <input_file_ref idref="fl-e6"/>
      </object_component>
      <object_component id="oc-3f">
         <name>.text</name>
         <load_address>0x22ec</load_address>
         <run_address>0x22ec</run_address>
         <size>0x9c</size>
         <input_file_ref idref="fl-d0"/>
      </object_component>
      <object_component id="oc-125">
         <name>.text</name>
         <load_address>0x2388</load_address>
         <run_address>0x2388</run_address>
         <size>0x88</size>
         <input_file_ref idref="fl-d9"/>
      </object_component>
      <object_component id="oc-180">
         <name>.text:__aeabi_cdcmple</name>
         <load_address>0x2410</load_address>
         <run_address>0x2410</run_address>
         <size>0x86</size>
         <input_file_ref idref="fl-e1"/>
      </object_component>
      <object_component id="oc-18a">
         <name>.text:__aeabi_cdrcmple</name>
         <load_address>0x2496</load_address>
         <run_address>0x2496</run_address>
         <size>0x86</size>
         <input_file_ref idref="fl-e1"/>
      </object_component>
      <object_component id="oc-4b">
         <name>.text</name>
         <load_address>0x251c</load_address>
         <run_address>0x251c</run_address>
         <size>0x7a</size>
         <input_file_ref idref="fl-d1"/>
      </object_component>
      <object_component id="oc-63">
         <name>.text</name>
         <load_address>0x2598</load_address>
         <run_address>0x2598</run_address>
         <size>0x70</size>
         <input_file_ref idref="fl-de"/>
      </object_component>
      <object_component id="oc-12">
         <name>.text:decompress:lzss</name>
         <load_address>0x2608</load_address>
         <run_address>0x2608</run_address>
         <size>0x68</size>
         <input_file_ref idref="fl-c7"/>
      </object_component>
      <object_component id="oc-19a">
         <name>.text</name>
         <load_address>0x2670</load_address>
         <run_address>0x2670</run_address>
         <size>0x64</size>
         <input_file_ref idref="fl-e5"/>
      </object_component>
      <object_component id="oc-24">
         <name>.text</name>
         <load_address>0x26d4</load_address>
         <run_address>0x26d4</run_address>
         <size>0x54</size>
         <input_file_ref idref="fl-c6"/>
      </object_component>
      <object_component id="oc-6f">
         <name>.text</name>
         <load_address>0x2728</load_address>
         <run_address>0x2728</run_address>
         <size>0x54</size>
         <input_file_ref idref="fl-ca"/>
      </object_component>
      <object_component id="oc-194">
         <name>.text</name>
         <load_address>0x277c</load_address>
         <run_address>0x277c</run_address>
         <size>0x54</size>
         <input_file_ref idref="fl-e3"/>
      </object_component>
      <object_component id="oc-1ac">
         <name>.text</name>
         <load_address>0x27d0</load_address>
         <run_address>0x27d0</run_address>
         <size>0x4c</size>
         <input_file_ref idref="fl-dd"/>
      </object_component>
      <object_component id="oc-99">
         <name>.text</name>
         <load_address>0x281c</load_address>
         <run_address>0x281c</run_address>
         <size>0x4c</size>
         <input_file_ref idref="fl-df"/>
      </object_component>
      <object_component id="oc-18f">
         <name>.text</name>
         <load_address>0x2868</load_address>
         <run_address>0x2868</run_address>
         <size>0x48</size>
         <input_file_ref idref="fl-e2"/>
      </object_component>
      <object_component id="oc-f1">
         <name>.text</name>
         <load_address>0x28b0</load_address>
         <run_address>0x28b0</run_address>
         <size>0x44</size>
         <input_file_ref idref="fl-ce"/>
      </object_component>
      <object_component id="oc-e2">
         <name>.text</name>
         <load_address>0x28f4</load_address>
         <run_address>0x28f4</run_address>
         <size>0x2e</size>
         <input_file_ref idref="fl-cf"/>
      </object_component>
      <object_component id="oc-dd">
         <name>.text</name>
         <load_address>0x2922</load_address>
         <run_address>0x2922</run_address>
         <size>0x20</size>
         <input_file_ref idref="fl-d8"/>
      </object_component>
      <object_component id="oc-1b2">
         <name>.text</name>
         <load_address>0x2942</load_address>
         <run_address>0x2942</run_address>
         <size>0x1c</size>
         <input_file_ref idref="fl-e4"/>
      </object_component>
      <object_component id="oc-69">
         <name>.text</name>
         <load_address>0x2960</load_address>
         <run_address>0x2960</run_address>
         <size>0x18</size>
         <input_file_ref idref="fl-dc"/>
      </object_component>
      <object_component id="oc-12b">
         <name>.text</name>
         <load_address>0x2978</load_address>
         <run_address>0x2978</run_address>
         <size>0x18</size>
         <input_file_ref idref="fl-d5"/>
      </object_component>
      <object_component id="oc-1a6">
         <name>.text</name>
         <load_address>0x2990</load_address>
         <run_address>0x2990</run_address>
         <size>0x16</size>
         <input_file_ref idref="fl-e8"/>
      </object_component>
      <object_component id="oc-106">
         <name>.text</name>
         <load_address>0x29a8</load_address>
         <run_address>0x29a8</run_address>
         <size>0x14</size>
         <input_file_ref idref="fl-da"/>
      </object_component>
      <object_component id="oc-1dc">
         <name>.text</name>
         <load_address>0x29bc</load_address>
         <run_address>0x29bc</run_address>
         <size>0x14</size>
         <input_file_ref idref="fl-eb"/>
      </object_component>
      <object_component id="oc-131">
         <name>.text</name>
         <load_address>0x29d0</load_address>
         <run_address>0x29d0</run_address>
         <size>0x14</size>
         <input_file_ref idref="fl-d6"/>
      </object_component>
      <object_component id="oc-17a">
         <name>.text</name>
         <load_address>0x29e4</load_address>
         <run_address>0x29e4</run_address>
         <size>0x14</size>
         <input_file_ref idref="fl-d7"/>
      </object_component>
      <object_component id="oc-11e">
         <name>.text:lcd_clear</name>
         <load_address>0x29f8</load_address>
         <run_address>0x29f8</run_address>
         <size>0x10</size>
         <input_file_ref idref="fl-7"/>
      </object_component>
      <object_component id="oc-18">
         <name>.text:decompress:none</name>
         <load_address>0x2a08</load_address>
         <run_address>0x2a08</run_address>
         <size>0xe</size>
         <input_file_ref idref="fl-c8"/>
      </object_component>
      <object_component id="oc-1e">
         <name>.text:decompress:ZI</name>
         <load_address>0x2a16</load_address>
         <run_address>0x2a16</run_address>
         <size>0xc</size>
         <input_file_ref idref="fl-c9"/>
      </object_component>
      <object_component id="oc-2b">
         <name>.text</name>
         <load_address>0x2a22</load_address>
         <run_address>0x2a22</run_address>
         <size>0xc</size>
         <input_file_ref idref="fl-a"/>
      </object_component>
      <object_component id="oc-5d">
         <name>.text</name>
         <load_address>0x2a2e</load_address>
         <run_address>0x2a2e</run_address>
         <size>0x4</size>
         <input_file_ref idref="fl-d3"/>
      </object_component>
      <object_component id="oc-1e9">
         <name>.const:.string:_ctypes_</name>
         <load_address>0x2a32</load_address>
         <run_address>0x2a32</run_address>
         <size>0x101</size>
         <input_file_ref idref="fl-e0"/>
      </object_component>
      <object_component id="oc-137">
         <name>.const:.string:lineAddress$1</name>
         <load_address>0x2b33</load_address>
         <run_address>0x2b33</run_address>
         <size>0x4</size>
         <input_file_ref idref="fl-7"/>
      </object_component>
      <object_component id="oc-138">
         <name>.const:.string:lineAddresses$2</name>
         <load_address>0x2b37</load_address>
         <run_address>0x2b37</run_address>
         <size>0x4</size>
         <input_file_ref idref="fl-7"/>
      </object_component>
      <object_component id="oc-22e">
         <name>.cinit..data.load</name>
         <load_address>0x2b40</load_address>
         <run_address>0x2b40</run_address>
         <size>0x11</size>
      </object_component>
      <object_component id="oc-22c">
         <name>__TI_handler_table</name>
         <load_address>0x2b54</load_address>
         <run_address>0x2b54</run_address>
         <size>0xc</size>
      </object_component>
      <object_component id="oc-22f">
         <name>.cinit..bss.load</name>
         <load_address>0x2b60</load_address>
         <run_address>0x2b60</run_address>
         <size>0x8</size>
      </object_component>
      <object_component id="oc-22d">
         <name>__TI_cinit_table</name>
         <load_address>0x2b68</load_address>
         <run_address>0x2b68</run_address>
         <size>0x10</size>
      </object_component>
      <object_component id="oc-141">
         <name>.data</name>
         <load_address>0x20000474</load_address>
         <run_address>0x20000474</run_address>
         <size>0x1</size>
         <input_file_ref idref="fl-5"/>
      </object_component>
      <object_component id="oc-af">
         <name>.data:$O1$$</name>
         <load_address>0x20000458</load_address>
         <run_address>0x20000458</run_address>
         <size>0xc</size>
         <input_file_ref idref="fl-ca"/>
      </object_component>
      <object_component id="oc-75">
         <name>.data</name>
         <load_address>0x20000470</load_address>
         <run_address>0x20000470</run_address>
         <size>0x4</size>
         <input_file_ref idref="fl-d4"/>
      </object_component>
      <object_component id="oc-b2">
         <name>.data:$O1$$</name>
         <load_address>0x20000464</load_address>
         <run_address>0x20000464</run_address>
         <size>0x8</size>
         <input_file_ref idref="fl-da"/>
      </object_component>
      <object_component id="oc-1e2">
         <name>.data</name>
         <load_address>0x2000046c</load_address>
         <run_address>0x2000046c</run_address>
         <size>0x4</size>
         <input_file_ref idref="fl-ea"/>
      </object_component>
      <object_component id="oc-139">
         <name>.bss:lastbuffer$3</name>
         <uninitialized>true</uninitialized>
         <run_address>0x20000400</run_address>
         <size>0x54</size>
         <input_file_ref idref="fl-7"/>
      </object_component>
      <object_component id="oc-142">
         <name>.common:_prevButton</name>
         <uninitialized>true</uninitialized>
         <run_address>0x20000454</run_address>
         <size>0x1</size>
      </object_component>
      <object_component id="oc-2a">
         <name>.stack</name>
         <uninitialized>true</uninitialized>
         <run_address>0x20000000</run_address>
         <size>0x0</size>
         <input_file_ref idref="fl-c6"/>
      </object_component>
      <object_component id="oc-230">
         <name>.stack</name>
         <uninitialized>true</uninitialized>
         <run_address>0x20000000</run_address>
         <size>0x0</size>
      </object_component>
      <object_component id="oc-f7">
         <name>.debug_info</name>
         <load_address>0x0</load_address>
         <run_address>0x0</run_address>
         <size>0x3f5</size>
         <input_file_ref idref="fl-2"/>
      </object_component>
      <object_component id="oc-3a">
         <name>.debug_info</name>
         <load_address>0x3f5</load_address>
         <run_address>0x3f5</run_address>
         <size>0x84</size>
         <input_file_ref idref="fl-2"/>
      </object_component>
      <object_component id="oc-7c">
         <name>.debug_info</name>
         <load_address>0x479</load_address>
         <run_address>0x479</run_address>
         <size>0x18b</size>
         <input_file_ref idref="fl-2"/>
      </object_component>
      <object_component id="oc-14d">
         <name>.debug_info</name>
         <load_address>0x604</load_address>
         <run_address>0x604</run_address>
         <size>0x2c</size>
         <input_file_ref idref="fl-2"/>
      </object_component>
      <object_component id="oc-90">
         <name>.debug_info</name>
         <load_address>0x630</load_address>
         <run_address>0x630</run_address>
         <size>0x2c</size>
         <input_file_ref idref="fl-3"/>
      </object_component>
      <object_component id="oc-172">
         <name>.debug_info</name>
         <load_address>0x65c</load_address>
         <run_address>0x65c</run_address>
         <size>0x253</size>
         <input_file_ref idref="fl-4"/>
      </object_component>
      <object_component id="oc-16d">
         <name>.debug_info</name>
         <load_address>0x8af</load_address>
         <run_address>0x8af</run_address>
         <size>0xc8</size>
         <input_file_ref idref="fl-4"/>
      </object_component>
      <object_component id="oc-13c">
         <name>.debug_info</name>
         <load_address>0x977</load_address>
         <run_address>0x977</run_address>
         <size>0x4e</size>
         <input_file_ref idref="fl-4"/>
      </object_component>
      <object_component id="oc-143">
         <name>.debug_info</name>
         <load_address>0x9c5</load_address>
         <run_address>0x9c5</run_address>
         <size>0x271</size>
         <input_file_ref idref="fl-5"/>
      </object_component>
      <object_component id="oc-d2">
         <name>.debug_info</name>
         <load_address>0xc36</load_address>
         <run_address>0xc36</run_address>
         <size>0x470</size>
         <input_file_ref idref="fl-5"/>
      </object_component>
      <object_component id="oc-a9">
         <name>.debug_info</name>
         <load_address>0x10a6</load_address>
         <run_address>0x10a6</run_address>
         <size>0x253</size>
         <input_file_ref idref="fl-6"/>
      </object_component>
      <object_component id="oc-13b">
         <name>.debug_info</name>
         <load_address>0x12f9</load_address>
         <run_address>0x12f9</run_address>
         <size>0x374</size>
         <input_file_ref idref="fl-7"/>
      </object_component>
      <object_component id="oc-11f">
         <name>.debug_info</name>
         <load_address>0x166d</load_address>
         <run_address>0x166d</run_address>
         <size>0x125</size>
         <input_file_ref idref="fl-7"/>
      </object_component>
      <object_component id="oc-ce">
         <name>.debug_info</name>
         <load_address>0x1792</load_address>
         <run_address>0x1792</run_address>
         <size>0x843</size>
         <input_file_ref idref="fl-7"/>
      </object_component>
      <object_component id="oc-da">
         <name>.debug_info</name>
         <load_address>0x1fd5</load_address>
         <run_address>0x1fd5</run_address>
         <size>0x262</size>
         <input_file_ref idref="fl-9"/>
      </object_component>
      <object_component id="oc-33">
         <name>.debug_info</name>
         <load_address>0x2237</load_address>
         <run_address>0x2237</run_address>
         <size>0x29a</size>
         <input_file_ref idref="fl-a"/>
      </object_component>
      <object_component id="oc-10">
         <name>.debug_info</name>
         <load_address>0x24d1</load_address>
         <run_address>0x24d1</run_address>
         <size>0xeb</size>
         <input_file_ref idref="fl-a"/>
      </object_component>
      <object_component id="oc-2e">
         <name>.debug_info</name>
         <load_address>0x25bc</load_address>
         <run_address>0x25bc</run_address>
         <size>0x267</size>
         <input_file_ref idref="fl-a"/>
      </object_component>
      <object_component id="oc-27">
         <name>.debug_info</name>
         <load_address>0x2823</load_address>
         <run_address>0x2823</run_address>
         <size>0x160</size>
         <input_file_ref idref="fl-c6"/>
      </object_component>
      <object_component id="oc-86">
         <name>.debug_info</name>
         <load_address>0x2983</load_address>
         <run_address>0x2983</run_address>
         <size>0x293</size>
         <input_file_ref idref="fl-c7"/>
      </object_component>
      <object_component id="oc-15">
         <name>.debug_info</name>
         <load_address>0x2c16</load_address>
         <run_address>0x2c16</run_address>
         <size>0x245</size>
         <input_file_ref idref="fl-c7"/>
      </object_component>
      <object_component id="oc-35">
         <name>.debug_info</name>
         <load_address>0x2e5b</load_address>
         <run_address>0x2e5b</run_address>
         <size>0x60</size>
         <input_file_ref idref="fl-c7"/>
      </object_component>
      <object_component id="oc-81">
         <name>.debug_info</name>
         <load_address>0x2ebb</load_address>
         <run_address>0x2ebb</run_address>
         <size>0x46</size>
         <input_file_ref idref="fl-c7"/>
      </object_component>
      <object_component id="oc-4a">
         <name>.debug_info</name>
         <load_address>0x2f01</load_address>
         <run_address>0x2f01</run_address>
         <size>0x2da</size>
         <input_file_ref idref="fl-c8"/>
      </object_component>
      <object_component id="oc-19">
         <name>.debug_info</name>
         <load_address>0x31db</load_address>
         <run_address>0x31db</run_address>
         <size>0x1df</size>
         <input_file_ref idref="fl-c8"/>
      </object_component>
      <object_component id="oc-45">
         <name>.debug_info</name>
         <load_address>0x33ba</load_address>
         <run_address>0x33ba</run_address>
         <size>0x46</size>
         <input_file_ref idref="fl-c8"/>
      </object_component>
      <object_component id="oc-88">
         <name>.debug_info</name>
         <load_address>0x3400</load_address>
         <run_address>0x3400</run_address>
         <size>0x2c</size>
         <input_file_ref idref="fl-c8"/>
      </object_component>
      <object_component id="oc-56">
         <name>.debug_info</name>
         <load_address>0x342c</load_address>
         <run_address>0x342c</run_address>
         <size>0x2c9</size>
         <input_file_ref idref="fl-c9"/>
      </object_component>
      <object_component id="oc-20">
         <name>.debug_info</name>
         <load_address>0x36f5</load_address>
         <run_address>0x36f5</run_address>
         <size>0x1aa</size>
         <input_file_ref idref="fl-c9"/>
      </object_component>
      <object_component id="oc-51">
         <name>.debug_info</name>
         <load_address>0x389f</load_address>
         <run_address>0x389f</run_address>
         <size>0x46</size>
         <input_file_ref idref="fl-c9"/>
      </object_component>
      <object_component id="oc-b6">
         <name>.debug_info</name>
         <load_address>0x38e5</load_address>
         <run_address>0x38e5</run_address>
         <size>0x3ce</size>
         <input_file_ref idref="fl-ca"/>
      </object_component>
      <object_component id="oc-b0">
         <name>.debug_info</name>
         <load_address>0x3cb3</load_address>
         <run_address>0x3cb3</run_address>
         <size>0x185</size>
         <input_file_ref idref="fl-ca"/>
      </object_component>
      <object_component id="oc-72">
         <name>.debug_info</name>
         <load_address>0x3e38</load_address>
         <run_address>0x3e38</run_address>
         <size>0x214</size>
         <input_file_ref idref="fl-ca"/>
      </object_component>
      <object_component id="oc-ef">
         <name>.debug_info</name>
         <load_address>0x404c</load_address>
         <run_address>0x404c</run_address>
         <size>0x144</size>
         <input_file_ref idref="fl-cb"/>
      </object_component>
      <object_component id="oc-187">
         <name>.debug_info</name>
         <load_address>0x4190</load_address>
         <run_address>0x4190</run_address>
         <size>0x132</size>
         <input_file_ref idref="fl-cc"/>
      </object_component>
      <object_component id="oc-e9">
         <name>.debug_info</name>
         <load_address>0x42c2</load_address>
         <run_address>0x42c2</run_address>
         <size>0x132</size>
         <input_file_ref idref="fl-cd"/>
      </object_component>
      <object_component id="oc-f2">
         <name>.debug_info</name>
         <load_address>0x43f4</load_address>
         <run_address>0x43f4</run_address>
         <size>0x131</size>
         <input_file_ref idref="fl-ce"/>
      </object_component>
      <object_component id="oc-e3">
         <name>.debug_info</name>
         <load_address>0x4525</load_address>
         <run_address>0x4525</run_address>
         <size>0x124</size>
         <input_file_ref idref="fl-cf"/>
      </object_component>
      <object_component id="oc-40">
         <name>.debug_info</name>
         <load_address>0x4649</load_address>
         <run_address>0x4649</run_address>
         <size>0x111</size>
         <input_file_ref idref="fl-d0"/>
      </object_component>
      <object_component id="oc-4c">
         <name>.debug_info</name>
         <load_address>0x475a</load_address>
         <run_address>0x475a</run_address>
         <size>0x13f</size>
         <input_file_ref idref="fl-d1"/>
      </object_component>
      <object_component id="oc-58">
         <name>.debug_info</name>
         <load_address>0x4899</load_address>
         <run_address>0x4899</run_address>
         <size>0x138</size>
         <input_file_ref idref="fl-d2"/>
      </object_component>
      <object_component id="oc-5f">
         <name>.debug_info</name>
         <load_address>0x49d1</load_address>
         <run_address>0x49d1</run_address>
         <size>0x148</size>
         <input_file_ref idref="fl-d3"/>
      </object_component>
      <object_component id="oc-76">
         <name>.debug_info</name>
         <load_address>0x4b19</load_address>
         <run_address>0x4b19</run_address>
         <size>0x109</size>
         <input_file_ref idref="fl-d4"/>
      </object_component>
      <object_component id="oc-168">
         <name>.debug_info</name>
         <load_address>0x4c22</load_address>
         <run_address>0x4c22</run_address>
         <size>0x27f</size>
         <input_file_ref idref="fl-d5"/>
      </object_component>
      <object_component id="oc-12c">
         <name>.debug_info</name>
         <load_address>0x4ea1</load_address>
         <run_address>0x4ea1</run_address>
         <size>0x258</size>
         <input_file_ref idref="fl-d5"/>
      </object_component>
      <object_component id="oc-16a">
         <name>.debug_info</name>
         <load_address>0x50f9</load_address>
         <run_address>0x50f9</run_address>
         <size>0x28a</size>
         <input_file_ref idref="fl-d6"/>
      </object_component>
      <object_component id="oc-133">
         <name>.debug_info</name>
         <load_address>0x5383</load_address>
         <run_address>0x5383</run_address>
         <size>0x231</size>
         <input_file_ref idref="fl-d6"/>
      </object_component>
      <object_component id="oc-1ce">
         <name>.debug_info</name>
         <load_address>0x55b4</load_address>
         <run_address>0x55b4</run_address>
         <size>0x284</size>
         <input_file_ref idref="fl-d7"/>
      </object_component>
      <object_component id="oc-17b">
         <name>.debug_info</name>
         <load_address>0x5838</load_address>
         <run_address>0x5838</run_address>
         <size>0x22a</size>
         <input_file_ref idref="fl-d7"/>
      </object_component>
      <object_component id="oc-de">
         <name>.debug_info</name>
         <load_address>0x5a62</load_address>
         <run_address>0x5a62</run_address>
         <size>0x126</size>
         <input_file_ref idref="fl-d8"/>
      </object_component>
      <object_component id="oc-15c">
         <name>.debug_info</name>
         <load_address>0x5b88</load_address>
         <run_address>0x5b88</run_address>
         <size>0x362</size>
         <input_file_ref idref="fl-d9"/>
      </object_component>
      <object_component id="oc-128">
         <name>.debug_info</name>
         <load_address>0x5eea</load_address>
         <run_address>0x5eea</run_address>
         <size>0x35c</size>
         <input_file_ref idref="fl-d9"/>
      </object_component>
      <object_component id="oc-15d">
         <name>.debug_info</name>
         <load_address>0x6246</load_address>
         <run_address>0x6246</run_address>
         <size>0x2c</size>
         <input_file_ref idref="fl-d9"/>
      </object_component>
      <object_component id="oc-162">
         <name>.debug_info</name>
         <load_address>0x6272</load_address>
         <run_address>0x6272</run_address>
         <size>0x69</size>
         <input_file_ref idref="fl-d9"/>
      </object_component>
      <object_component id="oc-10e">
         <name>.debug_info</name>
         <load_address>0x62db</load_address>
         <run_address>0x62db</run_address>
         <size>0x2be</size>
         <input_file_ref idref="fl-da"/>
      </object_component>
      <object_component id="oc-b3">
         <name>.debug_info</name>
         <load_address>0x6599</load_address>
         <run_address>0x6599</run_address>
         <size>0x113</size>
         <input_file_ref idref="fl-da"/>
      </object_component>
      <object_component id="oc-107">
         <name>.debug_info</name>
         <load_address>0x66ac</load_address>
         <run_address>0x66ac</run_address>
         <size>0x21f</size>
         <input_file_ref idref="fl-da"/>
      </object_component>
      <object_component id="oc-1b9">
         <name>.debug_info</name>
         <load_address>0x68cb</load_address>
         <run_address>0x68cb</run_address>
         <size>0x51f</size>
         <input_file_ref idref="fl-db"/>
      </object_component>
      <object_component id="oc-157">
         <name>.debug_info</name>
         <load_address>0x6dea</load_address>
         <run_address>0x6dea</run_address>
         <size>0x1543</size>
         <input_file_ref idref="fl-db"/>
      </object_component>
      <object_component id="oc-1ba">
         <name>.debug_info</name>
         <load_address>0x832d</load_address>
         <run_address>0x832d</run_address>
         <size>0x86</size>
         <input_file_ref idref="fl-db"/>
      </object_component>
      <object_component id="oc-1f2">
         <name>.debug_info</name>
         <load_address>0x83b3</load_address>
         <run_address>0x83b3</run_address>
         <size>0x46</size>
         <input_file_ref idref="fl-db"/>
      </object_component>
      <object_component id="oc-1bf">
         <name>.debug_info</name>
         <load_address>0x83f9</load_address>
         <run_address>0x83f9</run_address>
         <size>0x39</size>
         <input_file_ref idref="fl-db"/>
      </object_component>
      <object_component id="oc-ae">
         <name>.debug_info</name>
         <load_address>0x8432</load_address>
         <run_address>0x8432</run_address>
         <size>0x300</size>
         <input_file_ref idref="fl-dc"/>
      </object_component>
      <object_component id="oc-6c">
         <name>.debug_info</name>
         <load_address>0x8732</load_address>
         <run_address>0x8732</run_address>
         <size>0x167</size>
         <input_file_ref idref="fl-dc"/>
      </object_component>
      <object_component id="oc-ff">
         <name>.debug_info</name>
         <load_address>0x8899</load_address>
         <run_address>0x8899</run_address>
         <size>0x5e</size>
         <input_file_ref idref="fl-dc"/>
      </object_component>
      <object_component id="oc-1ed">
         <name>.debug_info</name>
         <load_address>0x88f7</load_address>
         <run_address>0x88f7</run_address>
         <size>0x2ae</size>
         <input_file_ref idref="fl-dd"/>
      </object_component>
      <object_component id="oc-1af">
         <name>.debug_info</name>
         <load_address>0x8ba5</load_address>
         <run_address>0x8ba5</run_address>
         <size>0x171</size>
         <input_file_ref idref="fl-dd"/>
      </object_component>
      <object_component id="oc-a6">
         <name>.debug_info</name>
         <load_address>0x8d16</load_address>
         <run_address>0x8d16</run_address>
         <size>0x483</size>
         <input_file_ref idref="fl-de"/>
      </object_component>
      <object_component id="oc-65">
         <name>.debug_info</name>
         <load_address>0x9199</load_address>
         <run_address>0x9199</run_address>
         <size>0x190</size>
         <input_file_ref idref="fl-de"/>
      </object_component>
      <object_component id="oc-c1">
         <name>.debug_info</name>
         <load_address>0x9329</load_address>
         <run_address>0x9329</run_address>
         <size>0x39</size>
         <input_file_ref idref="fl-de"/>
      </object_component>
      <object_component id="oc-119">
         <name>.debug_info</name>
         <load_address>0x9362</load_address>
         <run_address>0x9362</run_address>
         <size>0x39</size>
         <input_file_ref idref="fl-de"/>
      </object_component>
      <object_component id="oc-c6">
         <name>.debug_info</name>
         <load_address>0x939b</load_address>
         <run_address>0x939b</run_address>
         <size>0xcd</size>
         <input_file_ref idref="fl-de"/>
      </object_component>
      <object_component id="oc-bd">
         <name>.debug_info</name>
         <load_address>0x9468</load_address>
         <run_address>0x9468</run_address>
         <size>0x37a</size>
         <input_file_ref idref="fl-df"/>
      </object_component>
      <object_component id="oc-9b">
         <name>.debug_info</name>
         <load_address>0x97e2</load_address>
         <run_address>0x97e2</run_address>
         <size>0x183</size>
         <input_file_ref idref="fl-df"/>
      </object_component>
      <object_component id="oc-114">
         <name>.debug_info</name>
         <load_address>0x9965</load_address>
         <run_address>0x9965</run_address>
         <size>0x2c</size>
         <input_file_ref idref="fl-df"/>
      </object_component>
      <object_component id="oc-206">
         <name>.debug_info</name>
         <load_address>0x9991</load_address>
         <run_address>0x9991</run_address>
         <size>0xee</size>
         <input_file_ref idref="fl-e0"/>
      </object_component>
      <object_component id="oc-1ea">
         <name>.debug_info</name>
         <load_address>0x9a7f</load_address>
         <run_address>0x9a7f</run_address>
         <size>0xfa</size>
         <input_file_ref idref="fl-e0"/>
      </object_component>
      <object_component id="oc-181">
         <name>.debug_info</name>
         <load_address>0x9b79</load_address>
         <run_address>0x9b79</run_address>
         <size>0x120</size>
         <input_file_ref idref="fl-e1"/>
      </object_component>
      <object_component id="oc-18b">
         <name>.debug_info</name>
         <load_address>0x9c99</load_address>
         <run_address>0x9c99</run_address>
         <size>0x122</size>
         <input_file_ref idref="fl-e1"/>
      </object_component>
      <object_component id="oc-192">
         <name>.debug_info</name>
         <load_address>0x9dbb</load_address>
         <run_address>0x9dbb</run_address>
         <size>0x126</size>
         <input_file_ref idref="fl-e2"/>
      </object_component>
      <object_component id="oc-1d4">
         <name>.debug_info</name>
         <load_address>0x9ee1</load_address>
         <run_address>0x9ee1</run_address>
         <size>0x2e6</size>
         <input_file_ref idref="fl-e3"/>
      </object_component>
      <object_component id="oc-197">
         <name>.debug_info</name>
         <load_address>0xa1c7</load_address>
         <run_address>0xa1c7</run_address>
         <size>0x1c2</size>
         <input_file_ref idref="fl-e3"/>
      </object_component>
      <object_component id="oc-1ef">
         <name>.debug_info</name>
         <load_address>0xa389</load_address>
         <run_address>0xa389</run_address>
         <size>0x28b</size>
         <input_file_ref idref="fl-e4"/>
      </object_component>
      <object_component id="oc-1b3">
         <name>.debug_info</name>
         <load_address>0xa614</load_address>
         <run_address>0xa614</run_address>
         <size>0x1ab</size>
         <input_file_ref idref="fl-e4"/>
      </object_component>
      <object_component id="oc-1d6">
         <name>.debug_info</name>
         <load_address>0xa7bf</load_address>
         <run_address>0xa7bf</run_address>
         <size>0x2d9</size>
         <input_file_ref idref="fl-e5"/>
      </object_component>
      <object_component id="oc-19e">
         <name>.debug_info</name>
         <load_address>0xaa98</load_address>
         <run_address>0xaa98</run_address>
         <size>0x18a</size>
         <input_file_ref idref="fl-e5"/>
      </object_component>
      <object_component id="oc-1d7">
         <name>.debug_info</name>
         <load_address>0xac22</load_address>
         <run_address>0xac22</run_address>
         <size>0x2c</size>
         <input_file_ref idref="fl-e5"/>
      </object_component>
      <object_component id="oc-1e6">
         <name>.debug_info</name>
         <load_address>0xac4e</load_address>
         <run_address>0xac4e</run_address>
         <size>0x316</size>
         <input_file_ref idref="fl-e6"/>
      </object_component>
      <object_component id="oc-1a4">
         <name>.debug_info</name>
         <load_address>0xaf64</load_address>
         <run_address>0xaf64</run_address>
         <size>0x1d5</size>
         <input_file_ref idref="fl-e6"/>
      </object_component>
      <object_component id="oc-a0">
         <name>.debug_info</name>
         <load_address>0xb139</load_address>
         <run_address>0xb139</run_address>
         <size>0x145</size>
         <input_file_ref idref="fl-e7"/>
      </object_component>
      <object_component id="oc-1e8">
         <name>.debug_info</name>
         <load_address>0xb27e</load_address>
         <run_address>0xb27e</run_address>
         <size>0x28f</size>
         <input_file_ref idref="fl-e8"/>
      </object_component>
      <object_component id="oc-1a7">
         <name>.debug_info</name>
         <load_address>0xb50d</load_address>
         <run_address>0xb50d</run_address>
         <size>0x244</size>
         <input_file_ref idref="fl-e8"/>
      </object_component>
      <object_component id="oc-177">
         <name>.debug_info</name>
         <load_address>0xb751</load_address>
         <run_address>0xb751</run_address>
         <size>0x17d</size>
         <input_file_ref idref="fl-e9"/>
      </object_component>
      <object_component id="oc-1e3">
         <name>.debug_info</name>
         <load_address>0xb8ce</load_address>
         <run_address>0xb8ce</run_address>
         <size>0xf3</size>
         <input_file_ref idref="fl-ea"/>
      </object_component>
      <object_component id="oc-1df">
         <name>.debug_info</name>
         <load_address>0xb9c1</load_address>
         <run_address>0xb9c1</run_address>
         <size>0x156</size>
         <input_file_ref idref="fl-eb"/>
      </object_component>
      <object_component id="oc-231">
         <name>.debug_info</name>
         <load_address>0xbb17</load_address>
         <run_address>0xbb17</run_address>
         <size>0xa1</size>
      </object_component>
      <object_component id="oc-fa">
         <name>.debug_line</name>
         <load_address>0x0</load_address>
         <run_address>0x0</run_address>
         <size>0x110</size>
         <input_file_ref idref="fl-2"/>
      </object_component>
      <object_component id="oc-3d">
         <name>.debug_line</name>
         <load_address>0x110</load_address>
         <run_address>0x110</run_address>
         <size>0x20</size>
         <input_file_ref idref="fl-2"/>
      </object_component>
      <object_component id="oc-7f">
         <name>.debug_line</name>
         <load_address>0x130</load_address>
         <run_address>0x130</run_address>
         <size>0x65</size>
         <input_file_ref idref="fl-2"/>
      </object_component>
      <object_component id="oc-150">
         <name>.debug_line</name>
         <load_address>0x195</load_address>
         <run_address>0x195</run_address>
         <size>0x2e</size>
         <input_file_ref idref="fl-2"/>
      </object_component>
      <object_component id="oc-93">
         <name>.debug_line</name>
         <load_address>0x1c3</load_address>
         <run_address>0x1c3</run_address>
         <size>0x65</size>
         <input_file_ref idref="fl-3"/>
      </object_component>
      <object_component id="oc-1cb">
         <name>.debug_line</name>
         <load_address>0x228</load_address>
         <run_address>0x228</run_address>
         <size>0x20</size>
         <input_file_ref idref="fl-4"/>
      </object_component>
      <object_component id="oc-170">
         <name>.debug_line</name>
         <load_address>0x248</load_address>
         <run_address>0x248</run_address>
         <size>0x64</size>
         <input_file_ref idref="fl-4"/>
      </object_component>
      <object_component id="oc-13f">
         <name>.debug_line</name>
         <load_address>0x2ac</load_address>
         <run_address>0x2ac</run_address>
         <size>0x65</size>
         <input_file_ref idref="fl-4"/>
      </object_component>
      <object_component id="oc-174">
         <name>.debug_line</name>
         <load_address>0x311</load_address>
         <run_address>0x311</run_address>
         <size>0x2f</size>
         <input_file_ref idref="fl-5"/>
      </object_component>
      <object_component id="oc-d6">
         <name>.debug_line</name>
         <load_address>0x340</load_address>
         <run_address>0x340</run_address>
         <size>0x122</size>
         <input_file_ref idref="fl-5"/>
      </object_component>
      <object_component id="oc-a8">
         <name>.debug_line</name>
         <load_address>0x462</load_address>
         <run_address>0x462</run_address>
         <size>0x94</size>
         <input_file_ref idref="fl-6"/>
      </object_component>
      <object_component id="oc-16c">
         <name>.debug_line</name>
         <load_address>0x4f6</load_address>
         <run_address>0x4f6</run_address>
         <size>0xb7</size>
         <input_file_ref idref="fl-7"/>
      </object_component>
      <object_component id="oc-122">
         <name>.debug_line</name>
         <load_address>0x5ad</load_address>
         <run_address>0x5ad</run_address>
         <size>0x45</size>
         <input_file_ref idref="fl-7"/>
      </object_component>
      <object_component id="oc-d0">
         <name>.debug_line</name>
         <load_address>0x5f2</load_address>
         <run_address>0x5f2</run_address>
         <size>0x192</size>
         <input_file_ref idref="fl-7"/>
      </object_component>
      <object_component id="oc-d9">
         <name>.debug_line</name>
         <load_address>0x784</load_address>
         <run_address>0x784</run_address>
         <size>0x8a</size>
         <input_file_ref idref="fl-9"/>
      </object_component>
      <object_component id="oc-7b">
         <name>.debug_line</name>
         <load_address>0x80e</load_address>
         <run_address>0x80e</run_address>
         <size>0x41</size>
         <input_file_ref idref="fl-a"/>
      </object_component>
      <object_component id="oc-32">
         <name>.debug_line</name>
         <load_address>0x84f</load_address>
         <run_address>0x84f</run_address>
         <size>0x41</size>
         <input_file_ref idref="fl-a"/>
      </object_component>
      <object_component id="oc-2d">
         <name>.debug_line</name>
         <load_address>0x890</load_address>
         <run_address>0x890</run_address>
         <size>0xa1</size>
         <input_file_ref idref="fl-a"/>
      </object_component>
      <object_component id="oc-26">
         <name>.debug_line</name>
         <load_address>0x931</load_address>
         <run_address>0x931</run_address>
         <size>0x53</size>
         <input_file_ref idref="fl-c6"/>
      </object_component>
      <object_component id="oc-bb">
         <name>.debug_line</name>
         <load_address>0x984</load_address>
         <run_address>0x984</run_address>
         <size>0x20</size>
         <input_file_ref idref="fl-c7"/>
      </object_component>
      <object_component id="oc-14">
         <name>.debug_line</name>
         <load_address>0x9a4</load_address>
         <run_address>0x9a4</run_address>
         <size>0xa9</size>
         <input_file_ref idref="fl-c7"/>
      </object_component>
      <object_component id="oc-38">
         <name>.debug_line</name>
         <load_address>0xa4d</load_address>
         <run_address>0xa4d</run_address>
         <size>0x3a</size>
         <input_file_ref idref="fl-c7"/>
      </object_component>
      <object_component id="oc-84">
         <name>.debug_line</name>
         <load_address>0xa87</load_address>
         <run_address>0xa87</run_address>
         <size>0x8a</size>
         <input_file_ref idref="fl-c7"/>
      </object_component>
      <object_component id="oc-8e">
         <name>.debug_line</name>
         <load_address>0xb11</load_address>
         <run_address>0xb11</run_address>
         <size>0x8a</size>
         <input_file_ref idref="fl-c8"/>
      </object_component>
      <object_component id="oc-1d">
         <name>.debug_line</name>
         <load_address>0xb9b</load_address>
         <run_address>0xb9b</run_address>
         <size>0x55</size>
         <input_file_ref idref="fl-c8"/>
      </object_component>
      <object_component id="oc-48">
         <name>.debug_line</name>
         <load_address>0xbf0</load_address>
         <run_address>0xbf0</run_address>
         <size>0x3a</size>
         <input_file_ref idref="fl-c8"/>
      </object_component>
      <object_component id="oc-8b">
         <name>.debug_line</name>
         <load_address>0xc2a</load_address>
         <run_address>0xc2a</run_address>
         <size>0x8a</size>
         <input_file_ref idref="fl-c8"/>
      </object_component>
      <object_component id="oc-96">
         <name>.debug_line</name>
         <load_address>0xcb4</load_address>
         <run_address>0xcb4</run_address>
         <size>0x8a</size>
         <input_file_ref idref="fl-c9"/>
      </object_component>
      <object_component id="oc-22">
         <name>.debug_line</name>
         <load_address>0xd3e</load_address>
         <run_address>0xd3e</run_address>
         <size>0x4f</size>
         <input_file_ref idref="fl-c9"/>
      </object_component>
      <object_component id="oc-54">
         <name>.debug_line</name>
         <load_address>0xd8d</load_address>
         <run_address>0xd8d</run_address>
         <size>0x34</size>
         <input_file_ref idref="fl-c9"/>
      </object_component>
      <object_component id="oc-111">
         <name>.debug_line</name>
         <load_address>0xdc1</load_address>
         <run_address>0xdc1</run_address>
         <size>0xf2</size>
         <input_file_ref idref="fl-ca"/>
      </object_component>
      <object_component id="oc-105">
         <name>.debug_line</name>
         <load_address>0xeb3</load_address>
         <run_address>0xeb3</run_address>
         <size>0x2a</size>
         <input_file_ref idref="fl-ca"/>
      </object_component>
      <object_component id="oc-74">
         <name>.debug_line</name>
         <load_address>0xedd</load_address>
         <run_address>0xedd</run_address>
         <size>0x86</size>
         <input_file_ref idref="fl-ca"/>
      </object_component>
      <object_component id="oc-ee">
         <name>.debug_line</name>
         <load_address>0xf63</load_address>
         <run_address>0xf63</run_address>
         <size>0xd2</size>
         <input_file_ref idref="fl-cb"/>
      </object_component>
      <object_component id="oc-189">
         <name>.debug_line</name>
         <load_address>0x1035</load_address>
         <run_address>0x1035</run_address>
         <size>0xa8</size>
         <input_file_ref idref="fl-cc"/>
      </object_component>
      <object_component id="oc-eb">
         <name>.debug_line</name>
         <load_address>0x10dd</load_address>
         <run_address>0x10dd</run_address>
         <size>0x8e</size>
         <input_file_ref idref="fl-cd"/>
      </object_component>
      <object_component id="oc-f5">
         <name>.debug_line</name>
         <load_address>0x116b</load_address>
         <run_address>0x116b</run_address>
         <size>0x59</size>
         <input_file_ref idref="fl-ce"/>
      </object_component>
      <object_component id="oc-e6">
         <name>.debug_line</name>
         <load_address>0x11c4</load_address>
         <run_address>0x11c4</run_address>
         <size>0x50</size>
         <input_file_ref idref="fl-cf"/>
      </object_component>
      <object_component id="oc-43">
         <name>.debug_line</name>
         <load_address>0x1214</load_address>
         <run_address>0x1214</run_address>
         <size>0x88</size>
         <input_file_ref idref="fl-d0"/>
      </object_component>
      <object_component id="oc-4f">
         <name>.debug_line</name>
         <load_address>0x129c</load_address>
         <run_address>0x129c</run_address>
         <size>0x79</size>
         <input_file_ref idref="fl-d1"/>
      </object_component>
      <object_component id="oc-5b">
         <name>.debug_line</name>
         <load_address>0x1315</load_address>
         <run_address>0x1315</run_address>
         <size>0x3d</size>
         <input_file_ref idref="fl-d2"/>
      </object_component>
      <object_component id="oc-62">
         <name>.debug_line</name>
         <load_address>0x1352</load_address>
         <run_address>0x1352</run_address>
         <size>0x40</size>
         <input_file_ref idref="fl-d3"/>
      </object_component>
      <object_component id="oc-b9">
         <name>.debug_line</name>
         <load_address>0x1392</load_address>
         <run_address>0x1392</run_address>
         <size>0x33</size>
         <input_file_ref idref="fl-d4"/>
      </object_component>
      <object_component id="oc-1c7">
         <name>.debug_line</name>
         <load_address>0x13c5</load_address>
         <run_address>0x13c5</run_address>
         <size>0x20</size>
         <input_file_ref idref="fl-d5"/>
      </object_component>
      <object_component id="oc-130">
         <name>.debug_line</name>
         <load_address>0x13e5</load_address>
         <run_address>0x13e5</run_address>
         <size>0xa5</size>
         <input_file_ref idref="fl-d5"/>
      </object_component>
      <object_component id="oc-1c9">
         <name>.debug_line</name>
         <load_address>0x148a</load_address>
         <run_address>0x148a</run_address>
         <size>0x20</size>
         <input_file_ref idref="fl-d6"/>
      </object_component>
      <object_component id="oc-132">
         <name>.debug_line</name>
         <load_address>0x14aa</load_address>
         <run_address>0x14aa</run_address>
         <size>0xa0</size>
         <input_file_ref idref="fl-d6"/>
      </object_component>
      <object_component id="oc-1f8">
         <name>.debug_line</name>
         <load_address>0x154a</load_address>
         <run_address>0x154a</run_address>
         <size>0x20</size>
         <input_file_ref idref="fl-d7"/>
      </object_component>
      <object_component id="oc-17e">
         <name>.debug_line</name>
         <load_address>0x156a</load_address>
         <run_address>0x156a</run_address>
         <size>0xaa</size>
         <input_file_ref idref="fl-d7"/>
      </object_component>
      <object_component id="oc-e1">
         <name>.debug_line</name>
         <load_address>0x1614</load_address>
         <run_address>0x1614</run_address>
         <size>0x4c</size>
         <input_file_ref idref="fl-d8"/>
      </object_component>
      <object_component id="oc-1c5">
         <name>.debug_line</name>
         <load_address>0x1660</load_address>
         <run_address>0x1660</run_address>
         <size>0x99</size>
         <input_file_ref idref="fl-d9"/>
      </object_component>
      <object_component id="oc-127">
         <name>.debug_line</name>
         <load_address>0x16f9</load_address>
         <run_address>0x16f9</run_address>
         <size>0xa0</size>
         <input_file_ref idref="fl-d9"/>
      </object_component>
      <object_component id="oc-160">
         <name>.debug_line</name>
         <load_address>0x1799</load_address>
         <run_address>0x1799</run_address>
         <size>0x89</size>
         <input_file_ref idref="fl-d9"/>
      </object_component>
      <object_component id="oc-165">
         <name>.debug_line</name>
         <load_address>0x1822</load_address>
         <run_address>0x1822</run_address>
         <size>0x2f</size>
         <input_file_ref idref="fl-d9"/>
      </object_component>
      <object_component id="oc-154">
         <name>.debug_line</name>
         <load_address>0x1851</load_address>
         <run_address>0x1851</run_address>
         <size>0x20</size>
         <input_file_ref idref="fl-da"/>
      </object_component>
      <object_component id="oc-10d">
         <name>.debug_line</name>
         <load_address>0x1871</load_address>
         <run_address>0x1871</run_address>
         <size>0x2b</size>
         <input_file_ref idref="fl-da"/>
      </object_component>
      <object_component id="oc-10a">
         <name>.debug_line</name>
         <load_address>0x189c</load_address>
         <run_address>0x189c</run_address>
         <size>0x68</size>
         <input_file_ref idref="fl-da"/>
      </object_component>
      <object_component id="oc-1f1">
         <name>.debug_line</name>
         <load_address>0x1904</load_address>
         <run_address>0x1904</run_address>
         <size>0x16a</size>
         <input_file_ref idref="fl-db"/>
      </object_component>
      <object_component id="oc-159">
         <name>.debug_line</name>
         <load_address>0x1a6e</load_address>
         <run_address>0x1a6e</run_address>
         <size>0xc3e</size>
         <input_file_ref idref="fl-db"/>
      </object_component>
      <object_component id="oc-1bd">
         <name>.debug_line</name>
         <load_address>0x26ac</load_address>
         <run_address>0x26ac</run_address>
         <size>0x8a</size>
         <input_file_ref idref="fl-db"/>
      </object_component>
      <object_component id="oc-1f5">
         <name>.debug_line</name>
         <load_address>0x2736</load_address>
         <run_address>0x2736</run_address>
         <size>0x8a</size>
         <input_file_ref idref="fl-db"/>
      </object_component>
      <object_component id="oc-1c2">
         <name>.debug_line</name>
         <load_address>0x27c0</load_address>
         <run_address>0x27c0</run_address>
         <size>0x2e</size>
         <input_file_ref idref="fl-db"/>
      </object_component>
      <object_component id="oc-fe">
         <name>.debug_line</name>
         <load_address>0x27ee</load_address>
         <run_address>0x27ee</run_address>
         <size>0x2b</size>
         <input_file_ref idref="fl-dc"/>
      </object_component>
      <object_component id="oc-6a">
         <name>.debug_line</name>
         <load_address>0x2819</load_address>
         <run_address>0x2819</run_address>
         <size>0x4a</size>
         <input_file_ref idref="fl-dc"/>
      </object_component>
      <object_component id="oc-102">
         <name>.debug_line</name>
         <load_address>0x2863</load_address>
         <run_address>0x2863</run_address>
         <size>0x2b</size>
         <input_file_ref idref="fl-dc"/>
      </object_component>
      <object_component id="oc-208">
         <name>.debug_line</name>
         <load_address>0x288e</load_address>
         <run_address>0x288e</run_address>
         <size>0x89</size>
         <input_file_ref idref="fl-dd"/>
      </object_component>
      <object_component id="oc-1ad">
         <name>.debug_line</name>
         <load_address>0x2917</load_address>
         <run_address>0x2917</run_address>
         <size>0x63</size>
         <input_file_ref idref="fl-dd"/>
      </object_component>
      <object_component id="oc-c0">
         <name>.debug_line</name>
         <load_address>0x297a</load_address>
         <run_address>0x297a</run_address>
         <size>0xa9</size>
         <input_file_ref idref="fl-de"/>
      </object_component>
      <object_component id="oc-64">
         <name>.debug_line</name>
         <load_address>0x2a23</load_address>
         <run_address>0x2a23</run_address>
         <size>0x8b</size>
         <input_file_ref idref="fl-de"/>
      </object_component>
      <object_component id="oc-c4">
         <name>.debug_line</name>
         <load_address>0x2aae</load_address>
         <run_address>0x2aae</run_address>
         <size>0x2e</size>
         <input_file_ref idref="fl-de"/>
      </object_component>
      <object_component id="oc-11c">
         <name>.debug_line</name>
         <load_address>0x2adc</load_address>
         <run_address>0x2adc</run_address>
         <size>0x8a</size>
         <input_file_ref idref="fl-de"/>
      </object_component>
      <object_component id="oc-c9">
         <name>.debug_line</name>
         <load_address>0x2b66</load_address>
         <run_address>0x2b66</run_address>
         <size>0x8b</size>
         <input_file_ref idref="fl-de"/>
      </object_component>
      <object_component id="oc-113">
         <name>.debug_line</name>
         <load_address>0x2bf1</load_address>
         <run_address>0x2bf1</run_address>
         <size>0x98</size>
         <input_file_ref idref="fl-df"/>
      </object_component>
      <object_component id="oc-9d">
         <name>.debug_line</name>
         <load_address>0x2c89</load_address>
         <run_address>0x2c89</run_address>
         <size>0x68</size>
         <input_file_ref idref="fl-df"/>
      </object_component>
      <object_component id="oc-117">
         <name>.debug_line</name>
         <load_address>0x2cf1</load_address>
         <run_address>0x2cf1</run_address>
         <size>0x2e</size>
         <input_file_ref idref="fl-df"/>
      </object_component>
      <object_component id="oc-20c">
         <name>.debug_line</name>
         <load_address>0x2d1f</load_address>
         <run_address>0x2d1f</run_address>
         <size>0x20</size>
         <input_file_ref idref="fl-e0"/>
      </object_component>
      <object_component id="oc-205">
         <name>.debug_line</name>
         <load_address>0x2d3f</load_address>
         <run_address>0x2d3f</run_address>
         <size>0x2b</size>
         <input_file_ref idref="fl-e0"/>
      </object_component>
      <object_component id="oc-184">
         <name>.debug_line</name>
         <load_address>0x2d6a</load_address>
         <run_address>0x2d6a</run_address>
         <size>0x77</size>
         <input_file_ref idref="fl-e1"/>
      </object_component>
      <object_component id="oc-18e">
         <name>.debug_line</name>
         <load_address>0x2de1</load_address>
         <run_address>0x2de1</run_address>
         <size>0x77</size>
         <input_file_ref idref="fl-e1"/>
      </object_component>
      <object_component id="oc-190">
         <name>.debug_line</name>
         <load_address>0x2e58</load_address>
         <run_address>0x2e58</run_address>
         <size>0x5a</size>
         <input_file_ref idref="fl-e2"/>
      </object_component>
      <object_component id="oc-1fa">
         <name>.debug_line</name>
         <load_address>0x2eb2</load_address>
         <run_address>0x2eb2</run_address>
         <size>0x8a</size>
         <input_file_ref idref="fl-e3"/>
      </object_component>
      <object_component id="oc-195">
         <name>.debug_line</name>
         <load_address>0x2f3c</load_address>
         <run_address>0x2f3c</run_address>
         <size>0x66</size>
         <input_file_ref idref="fl-e3"/>
      </object_component>
      <object_component id="oc-20a">
         <name>.debug_line</name>
         <load_address>0x2fa2</load_address>
         <run_address>0x2fa2</run_address>
         <size>0x20</size>
         <input_file_ref idref="fl-e4"/>
      </object_component>
      <object_component id="oc-1b7">
         <name>.debug_line</name>
         <load_address>0x2fc2</load_address>
         <run_address>0x2fc2</run_address>
         <size>0x48</size>
         <input_file_ref idref="fl-e4"/>
      </object_component>
      <object_component id="oc-1fc">
         <name>.debug_line</name>
         <load_address>0x300a</load_address>
         <run_address>0x300a</run_address>
         <size>0x20</size>
         <input_file_ref idref="fl-e5"/>
      </object_component>
      <object_component id="oc-19b">
         <name>.debug_line</name>
         <load_address>0x302a</load_address>
         <run_address>0x302a</run_address>
         <size>0x5e</size>
         <input_file_ref idref="fl-e5"/>
      </object_component>
      <object_component id="oc-1da">
         <name>.debug_line</name>
         <load_address>0x3088</load_address>
         <run_address>0x3088</run_address>
         <size>0x8a</size>
         <input_file_ref idref="fl-e5"/>
      </object_component>
      <object_component id="oc-201">
         <name>.debug_line</name>
         <load_address>0x3112</load_address>
         <run_address>0x3112</run_address>
         <size>0x93</size>
         <input_file_ref idref="fl-e6"/>
      </object_component>
      <object_component id="oc-1a2">
         <name>.debug_line</name>
         <load_address>0x31a5</load_address>
         <run_address>0x31a5</run_address>
         <size>0xa1</size>
         <input_file_ref idref="fl-e6"/>
      </object_component>
      <object_component id="oc-a3">
         <name>.debug_line</name>
         <load_address>0x3246</load_address>
         <run_address>0x3246</run_address>
         <size>0x3c</size>
         <input_file_ref idref="fl-e7"/>
      </object_component>
      <object_component id="oc-203">
         <name>.debug_line</name>
         <load_address>0x3282</load_address>
         <run_address>0x3282</run_address>
         <size>0x20</size>
         <input_file_ref idref="fl-e8"/>
      </object_component>
      <object_component id="oc-1aa">
         <name>.debug_line</name>
         <load_address>0x32a2</load_address>
         <run_address>0x32a2</run_address>
         <size>0xa8</size>
         <input_file_ref idref="fl-e8"/>
      </object_component>
      <object_component id="oc-179">
         <name>.debug_line</name>
         <load_address>0x334a</load_address>
         <run_address>0x334a</run_address>
         <size>0x118</size>
         <input_file_ref idref="fl-e9"/>
      </object_component>
      <object_component id="oc-1ff">
         <name>.debug_line</name>
         <load_address>0x3462</load_address>
         <run_address>0x3462</run_address>
         <size>0x2b</size>
         <input_file_ref idref="fl-ea"/>
      </object_component>
      <object_component id="oc-1dd">
         <name>.debug_line</name>
         <load_address>0x348d</load_address>
         <run_address>0x348d</run_address>
         <size>0x45</size>
         <input_file_ref idref="fl-eb"/>
      </object_component>
      <object_component id="oc-fb">
         <name>.debug_frame</name>
         <load_address>0x0</load_address>
         <run_address>0x0</run_address>
         <size>0xd8</size>
         <input_file_ref idref="fl-2"/>
      </object_component>
      <object_component id="oc-d5">
         <name>.debug_frame</name>
         <load_address>0xd8</load_address>
         <run_address>0xd8</run_address>
         <size>0xc8</size>
         <input_file_ref idref="fl-5"/>
      </object_component>
      <object_component id="oc-ac">
         <name>.debug_frame</name>
         <load_address>0x1a0</load_address>
         <run_address>0x1a0</run_address>
         <size>0x60</size>
         <input_file_ref idref="fl-6"/>
      </object_component>
      <object_component id="oc-123">
         <name>.debug_frame</name>
         <load_address>0x200</load_address>
         <run_address>0x200</run_address>
         <size>0x58</size>
         <input_file_ref idref="fl-7"/>
      </object_component>
      <object_component id="oc-cd">
         <name>.debug_frame</name>
         <load_address>0x258</load_address>
         <run_address>0x258</run_address>
         <size>0x120</size>
         <input_file_ref idref="fl-7"/>
      </object_component>
      <object_component id="oc-d8">
         <name>.debug_frame</name>
         <load_address>0x378</load_address>
         <run_address>0x378</run_address>
         <size>0x70</size>
         <input_file_ref idref="fl-9"/>
      </object_component>
      <object_component id="oc-2c">
         <name>.debug_frame</name>
         <load_address>0x3e8</load_address>
         <run_address>0x3e8</run_address>
         <size>0x90</size>
         <input_file_ref idref="fl-a"/>
      </object_component>
      <object_component id="oc-13">
         <name>.debug_frame</name>
         <load_address>0x478</load_address>
         <run_address>0x478</run_address>
         <size>0x60</size>
         <input_file_ref idref="fl-c7"/>
      </object_component>
      <object_component id="oc-1c">
         <name>.debug_frame</name>
         <load_address>0x4d8</load_address>
         <run_address>0x4d8</run_address>
         <size>0x54</size>
         <input_file_ref idref="fl-c8"/>
      </object_component>
      <object_component id="oc-23">
         <name>.debug_frame</name>
         <load_address>0x52c</load_address>
         <run_address>0x52c</run_address>
         <size>0x54</size>
         <input_file_ref idref="fl-c9"/>
      </object_component>
      <object_component id="oc-71">
         <name>.debug_frame</name>
         <load_address>0x580</load_address>
         <run_address>0x580</run_address>
         <size>0x88</size>
         <input_file_ref idref="fl-ca"/>
      </object_component>
      <object_component id="oc-5c">
         <name>.debug_frame</name>
         <load_address>0x608</load_address>
[...]
               <logical_group_ref idref="lg-5"/>
            </allocated_space>
            <available_space>
               <start_address>0x2b3b</start_address>
               <size>0x5</size>
            </available_space>
            <allocated_space>
               <start_address>0x2b40</start_address>
               <size>0x38</size>
               <logical_group_ref idref="lg-6"/>
            </allocated_space>
            <available_space>
               <start_address>0x2b78</start_address>
               <size>0x3d488</size>
            </available_space>
         </usage_details>
      </memory_area>
      <memory_area display="yes" color="green">
         <name>SRAM</name>
         <page_id>0x0</page_id>
         <origin>0x20000000</origin>
         <length>0x8000</length>
         <used_space>0x472</used_space>
         <unused_space>0x7b8e</unused_space>
         <attributes>RWX</attributes>
         <usage_details>
            <allocated_space>
               <start_address>0x20000000</start_address>
               <size>0x400</size>
               <logical_group_ref idref="lg-d"/>
            </allocated_space>
            <allocated_space>
               <start_address>0x20000400</start_address>
               <size>0x55</size>
               <logical_group_ref idref="lg-b"/>
            </allocated_space>
            <available_space>
               <start_address>0x20000455</start_address>
               <size>0x3</size>
            </available_space>
            <allocated_space>
               <start_address>0x20000458</start_address>
               <size>0x1d</size>
               <logical_group_ref idref="lg-a"/>
            </allocated_space>
            <available_space>
               <start_address>0x20000475</start_address>
               <size>0x7b8b</size>
            </available_space>
         </usage_details>
      </memory_area>
   </placement_map>
   <cptbl_list>
      <cptbl>
         <name>__TI_cinit_table</name>
         <cprec>
            <name>.data</name>
            <load_address>0x2b40</load_address>
            <load_size>0x11</load_size>
            <run_address>0x20000458</run_address>
            <run_size>0x1d</run_size>
            <compression>lzss</compression>
         </cprec>
         <cprec>
            <name>.bss</name>
            <load_address>0x2b60</load_address>
            <load_size>0x8</load_size>
            <run_address>0x20000400</run_address>
            <run_size>0x55</run_size>
            <compression>zero_init</compression>
         </cprec>
      </cptbl>
   </cptbl_list>
   <handler_table>
      <handler_table_name>__TI_handler_table</handler_table_name>
      <handler>
         <index>0x0</index>
         <name>__TI_decompress_lzss</name>
      </handler>
      <handler>
         <index>0x1</index>
         <name>__TI_decompress_none</name>
      </handler>
      <handler>
         <index>0x2</index>
         <name>__TI_zero_init</name>
      </handler>
   </handler_table>
   <symbol_table>
      <symbol id="sm-1">
         <name>__STACK_TOP</name>
         <value>0x20000200</value>
      </symbol>
      <symbol id="sm-2">
         <name>__TI_CINIT_Base</name>
         <value>0x2b68</value>
      </symbol>
      <symbol id="sm-3">
         <name>__TI_CINIT_Limit</name>
         <value>0x2b78</value>
      </symbol>
      <symbol id="sm-4">
         <name>__TI_Handler_Table_Base</name>
         <value>0x2b54</value>
      </symbol>
      <symbol id="sm-5">
         <name>__TI_Handler_Table_Limit</name>
         <value>0x2b60</value>
      </symbol>
      <symbol id="sm-6">
         <name>binit</name>
         <value>0xffffffff</value>
      </symbol>
      <symbol id="sm-7">
         <name>__binit__</name>
         <value>0xffffffff</value>
      </symbol>
      <symbol id="sm-8">
         <name>__STACK_SIZE</name>
         <value>0x400</value>
      </symbol>
      <symbol id="sm-9">
         <name>__STACK_END</name>
         <value>0x20000400</value>
      </symbol>
      <symbol id="sm-a">
         <name>__c_args__</name>
         <value>0xffffffff</value>
      </symbol>
      <symbol id="sm-b">
         <name>__TI_pprof_out_hndl</name>
         <value>0xffffffff</value>
      </symbol>
      <symbol id="sm-c">
         <name>__TI_prof_data_start</name>
         <value>0xffffffff</value>
      </symbol>
      <symbol id="sm-d">
         <name>__TI_prof_data_size</name>
         <value>0xffffffff</value>
      </symbol>
      <symbol id="sm-52">
         <name>timer_startClock</name>
         <value>0x1ca1</value>
         <object_component_ref idref="oc-f6"/>
      </symbol>
      <symbol id="sm-53">
         <name>timer_stopClock</name>
         <value>0x1cf3</value>
         <object_component_ref idref="oc-f6"/>
      </symbol>
      <symbol id="sm-54">
         <name>timer_getClock</name>
         <value>0x1ced</value>
         <object_component_ref idref="oc-f6"/>
      </symbol>
      <symbol id="sm-55">
         <name>timer_stopTimer</name>
         <value>0x1c8b</value>
         <object_component_ref idref="oc-f6"/>
      </symbol>
      <symbol id="sm-56">
         <name>timer_startTimer</name>
         <value>0x1c3b</value>
         <object_component_ref idref="oc-f6"/>
      </symbol>
      <symbol id="sm-57">
         <name>timer_waitMillis</name>
         <value>0x1bdd</value>
         <object_component_ref idref="oc-f6"/>
      </symbol>
      <symbol id="sm-58">
         <name>timer_waitMicros</name>
         <value>0x1c11</value>
         <object_component_ref idref="oc-f6"/>
      </symbol>
      <symbol id="sm-9b">
         <name>_prevButton</name>
         <value>0x20000454</value>
      </symbol>
      <symbol id="sm-9c">
         <name>button_getButtonChangeBlocking</name>
         <value>0x1e4f</value>
         <object_component_ref idref="oc-d1"/>
      </symbol>
      <symbol id="sm-9d">
         <name>button_getButtonBlocking</name>
         <value>0x1e11</value>
         <object_component_ref idref="oc-d1"/>
      </symbol>
      <symbol id="sm-9e">
         <name>button_getButton</name>
         <value>0x1d6b</value>
         <object_component_ref idref="oc-d1"/>
      </symbol>
      <symbol id="sm-9f">
         <name>button_init</name>
         <value>0x1d35</value>
         <object_component_ref idref="oc-d1"/>
      </symbol>
      <symbol id="sm-a0">
         <name>button_checkButtons</name>
         <value>0x1d61</value>
         <object_component_ref idref="oc-d1"/>
      </symbol>
      <symbol id="sm-a1">
         <name>button_getButtonChange</name>
         <value>0x1e25</value>
         <object_component_ref idref="oc-d1"/>
      </symbol>
      <symbol id="sm-b8">
         <name>main</name>
         <value>0x1e7d</value>
         <object_component_ref idref="oc-a7"/>
      </symbol>
      <symbol id="sm-f4">
         <name>lcd_sendCommand</name>
         <value>0x14bf</value>
         <object_component_ref idref="oc-cb"/>
      </symbol>
      <symbol id="sm-f5">
         <name>lcd_sendNibble</name>
         <value>0x14fd</value>
         <object_component_ref idref="oc-cb"/>
      </symbol>
      <symbol id="sm-f6">
         <name>lcd_clear</name>
         <value>0x29f9</value>
         <object_component_ref idref="oc-11e"/>
      </symbol>
      <symbol id="sm-f7">
         <name>lcd_printf</name>
         <value>0x15a7</value>
         <object_component_ref idref="oc-cb"/>
      </symbol>
      <symbol id="sm-f8">
         <name>lcd_setCursorPos</name>
         <value>0x1569</value>
         <object_component_ref idref="oc-cb"/>
      </symbol>
      <symbol id="sm-f9">
         <name>lcd_init</name>
         <value>0x13ad</value>
         <object_component_ref idref="oc-cb"/>
      </symbol>
      <symbol id="sm-fa">
         <name>lcd_puts</name>
         <value>0x14a1</value>
         <object_component_ref idref="oc-cb"/>
      </symbol>
      <symbol id="sm-fb">
         <name>lcd_putc</name>
         <value>0x1469</value>
         <object_component_ref idref="oc-cb"/>
      </symbol>
      <symbol id="sm-fc">
         <name>lcd_gotoLine</name>
         <value>0x1541</value>
         <object_component_ref idref="oc-cb"/>
      </symbol>
      <symbol id="sm-11c">
         <name>servo_init</name>
         <value>0x1a41</value>
         <object_component_ref idref="oc-d7"/>
      </symbol>
      <symbol id="sm-11d">
         <name>set_angle</name>
         <value>0x1afb</value>
         <object_component_ref idref="oc-d7"/>
      </symbol>
      <symbol id="sm-139">
         <name>ResetISR</name>
         <value>0x2a23</value>
         <object_component_ref idref="oc-2b"/>
      </symbol>
      <symbol id="sm-13a">
         <name>g_pfnVectors</name>
         <value>0x0</value>
         <object_component_ref idref="oc-f"/>
      </symbol>
      <symbol id="sm-14c">
         <name>_c_int00</name>
         <value>0x26d5</value>
         <object_component_ref idref="oc-24"/>
      </symbol>
      <symbol id="sm-14d">
         <name>__stack</name>
         <value>0x20000000</value>
         <object_component_ref idref="oc-2a"/>
      </symbol>
      <symbol id="sm-16b">
         <name>__TI_decompress_lzss</name>
         <value>0x2609</value>
         <object_component_ref idref="oc-12"/>
      </symbol>
      <symbol id="sm-182">
         <name>__TI_decompress_none</name>
         <value>0x2a09</value>
         <object_component_ref idref="oc-18"/>
      </symbol>
      <symbol id="sm-194">
         <name>__TI_zero_init</name>
         <value>0x2a17</value>
         <object_component_ref idref="oc-1e"/>
      </symbol>
      <symbol id="sm-1b5">
         <name>C$$EXIT</name>
         <value>0x2729</value>
         <object_component_ref idref="oc-6f"/>
      </symbol>
      <symbol id="sm-1b6">
         <name>abort</name>
         <value>0x272d</value>
         <object_component_ref idref="oc-6f"/>
      </symbol>
      <symbol id="sm-1b7">
         <name>exit</name>
         <value>0x2735</value>
         <object_component_ref idref="oc-6f"/>
      </symbol>
      <symbol id="sm-1b8">
         <name>__TI_dtors_ptr</name>
         <value>0x2000045c</value>
         <object_component_ref idref="oc-af"/>
      </symbol>
      <symbol id="sm-1b9">
         <name>__TI_cleanup_ptr</name>
         <value>0x20000458</value>
         <object_component_ref idref="oc-af"/>
      </symbol>
      <symbol id="sm-1ba">
         <name>__TI_enable_exit_profile_output</name>
         <value>0x20000460</value>
         <object_component_ref idref="oc-af"/>
      </symbol>
      <symbol id="sm-1d1">
         <name>__aeabi_dsub</name>
         <value>0x1889</value>
         <object_component_ref idref="oc-ec"/>
      </symbol>
      <symbol id="sm-1d2">
         <name>__aeabi_dadd</name>
         <value>0x1893</value>
         <object_component_ref idref="oc-ec"/>
      </symbol>
      <symbol id="sm-1e6">
         <name>__aeabi_ddiv</name>
         <value>0x1fbd</value>
         <object_component_ref idref="oc-185"/>
      </symbol>
      <symbol id="sm-1f1">
         <name>__aeabi_dmul</name>
         <value>0x20f3</value>
         <object_component_ref idref="oc-e7"/>
      </symbol>
      <symbol id="sm-1fb">
         <name>__aeabi_d2uiz</name>
         <value>0x28b1</value>
         <object_component_ref idref="oc-f1"/>
      </symbol>
      <symbol id="sm-205">
         <name>__aeabi_i2d</name>
         <value>0x28f5</value>
         <object_component_ref idref="oc-e2"/>
      </symbol>
      <symbol id="sm-220">
         <name>memcpy</name>
         <value>0x22ed</value>
         <object_component_ref idref="oc-3f"/>
      </symbol>
      <symbol id="sm-221">
         <name>__aeabi_memcpy</name>
         <value>0x22ed</value>
         <object_component_ref idref="oc-3f"/>
      </symbol>
      <symbol id="sm-222">
         <name>__aeabi_memcpy8</name>
         <value>0x22ed</value>
         <object_component_ref idref="oc-3f"/>
      </symbol>
      <symbol id="sm-223">
         <name>__aeabi_memcpy4</name>
         <value>0x22ed</value>
         <object_component_ref idref="oc-3f"/>
      </symbol>
      <symbol id="sm-232">
         <name>__aeabi_memset</name>
         <value>0x251f</value>
         <object_component_ref idref="oc-4b"/>
      </symbol>
      <symbol id="sm-233">
         <name>memset</name>
         <value>0x2525</value>
         <object_component_ref idref="oc-4b"/>
      </symbol>
      <symbol id="sm-234">
         <name>__aeabi_memset8</name>
         <value>0x251f</value>
         <object_component_ref idref="oc-4b"/>
      </symbol>
      <symbol id="sm-235">
         <name>__aeabi_memset4</name>
         <value>0x251f</value>
         <object_component_ref idref="oc-4b"/>
      </symbol>
      <symbol id="sm-236">
         <name>__aeabi_memclr8</name>
         <value>0x251d</value>
         <object_component_ref idref="oc-4b"/>
      </symbol>
      <symbol id="sm-237">
         <name>__aeabi_memclr4</name>
         <value>0x251d</value>
         <object_component_ref idref="oc-4b"/>
      </symbol>
      <symbol id="sm-238">
         <name>__aeabi_memclr</name>
         <value>0x251d</value>
         <object_component_ref idref="oc-4b"/>
      </symbol>
      <symbol id="sm-242">
         <name>__mpu_init</name>
         <value>0x13ab</value>
         <object_component_ref idref="oc-57"/>
      </symbol>
      <symbol id="sm-24c">
         <name>_system_pre_init</name>
         <value>0x2a2f</value>
         <object_component_ref idref="oc-5d"/>
      </symbol>
      <symbol id="sm-254">
         <name>main_func_sp</name>
         <value>0x20000470</value>
         <object_component_ref idref="oc-75"/>
      </symbol>
      <symbol id="sm-263">
         <name>strcmp</name>
         <value>0x2979</value>
         <object_component_ref idref="oc-12b"/>
      </symbol>
      <symbol id="sm-271">
         <name>strcpy</name>
         <value>0x29d1</value>
         <object_component_ref idref="oc-131"/>
      </symbol>
      <symbol id="sm-27f">
         <name>strlen</name>
         <value>0x29e5</value>
         <object_component_ref idref="oc-17a"/>
      </symbol>
      <symbol id="sm-289">
         <name>__aeabi_ui2d</name>
         <value>0x2923</value>
         <object_component_ref idref="oc-dd"/>
      </symbol>
      <symbol id="sm-2aa">
         <name>vsnprintf</name>
         <value>0x2389</value>
         <object_component_ref idref="oc-125"/>
      </symbol>
      <symbol id="sm-2c3">
         <name>_nop</name>
         <value>0x29b7</value>
         <object_component_ref idref="oc-106"/>
      </symbol>
      <symbol id="sm-2c4">
         <name>_lock</name>
         <value>0x20000464</value>
         <object_component_ref idref="oc-b2"/>
      </symbol>
      <symbol id="sm-2c5">
         <name>_unlock</name>
         <value>0x20000468</value>
         <object_component_ref idref="oc-b2"/>
      </symbol>
      <symbol id="sm-2c6">
         <name>_register_lock</name>
         <value>0x29af</value>
         <object_component_ref idref="oc-106"/>
      </symbol>
      <symbol id="sm-2c7">
         <name>_register_unlock</name>
         <value>0x29a9</value>
         <object_component_ref idref="oc-106"/>
      </symbol>
      <symbol id="sm-3c8">
         <name>__TI_printfi</name>
         <value>0xab1</value>
         <object_component_ref idref="oc-155"/>
      </symbol>
      <symbol id="sm-3dc">
         <name>_args_main</name>
         <value>0x2961</value>
         <object_component_ref idref="oc-69"/>
      </symbol>
      <symbol id="sm-3f2">
         <name>atoi</name>
         <value>0x27d1</value>
         <object_component_ref idref="oc-1ac"/>
      </symbol>
      <symbol id="sm-41c">
         <name>__TI_auto_init</name>
         <value>0x2599</value>
         <object_component_ref idref="oc-63"/>
      </symbol>
      <symbol id="sm-436">
         <name>copy_in</name>
         <value>0x281d</value>
         <object_component_ref idref="oc-99"/>
      </symbol>
      <symbol id="sm-441">
         <name>_ctypes_</name>
         <value>0x2a32</value>
         <object_component_ref idref="oc-1e9"/>
      </symbol>
      <symbol id="sm-463">
         <name>__aeabi_cdcmpeq</name>
         <value>0x2411</value>
         <object_component_ref idref="oc-180"/>
      </symbol>
      <symbol id="sm-464">
         <name>__aeabi_cdcmple</name>
         <value>0x2411</value>
         <object_component_ref idref="oc-180"/>
      </symbol>
      <symbol id="sm-465">
         <name>__aeabi_cdrcmple</name>
         <value>0x2497</value>
         <object_component_ref idref="oc-18a"/>
      </symbol>
      <symbol id="sm-46f">
         <name>__aeabi_d2iz</name>
         <value>0x2869</value>
         <object_component_ref idref="oc-18f"/>
      </symbol>
      <symbol id="sm-47e">
         <name>ltoa</name>
         <value>0x277d</value>
         <object_component_ref idref="oc-194"/>
      </symbol>
      <symbol id="sm-48e">
         <name>memccpy</name>
         <value>0x2943</value>
         <object_component_ref idref="oc-1b2"/>
      </symbol>
      <symbol id="sm-4a9">
         <name>frexpl</name>
         <value>0x2671</value>
         <object_component_ref idref="oc-19a"/>
      </symbol>
      <symbol id="sm-4aa">
         <name>frexp</name>
         <value>0x2671</value>
         <object_component_ref idref="oc-19a"/>
      </symbol>
      <symbol id="sm-4c7">
         <name>scalbn</name>
         <value>0x21f1</value>
         <object_component_ref idref="oc-1a0"/>
      </symbol>
      <symbol id="sm-4c8">
         <name>scalbnl</name>
         <value>0x21f1</value>
         <object_component_ref idref="oc-1a0"/>
      </symbol>
      <symbol id="sm-4c9">
         <name>ldexpl</name>
         <value>0x21f1</value>
         <object_component_ref idref="oc-1a0"/>
      </symbol>
      <symbol id="sm-4ca">
         <name>ldexp</name>
         <value>0x21f1</value>
         <object_component_ref idref="oc-1a0"/>
      </symbol>
      <symbol id="sm-4d4">
         <name>_system_post_cinit</name>
         <value>0x1a3f</value>
         <object_component_ref idref="oc-9f"/>
      </symbol>
      <symbol id="sm-4e4">
         <name>strchr</name>
         <value>0x2991</value>
         <object_component_ref idref="oc-1a6"/>
      </symbol>
      <symbol id="sm-500">
         <name>__aeabi_uldivmod</name>
         <value>0x1695</value>
         <object_component_ref idref="oc-175"/>
      </symbol>
      <symbol id="sm-508">
         <name>errno</name>
         <value>0x2000046c</value>
         <object_component_ref idref="oc-1e2"/>
      </symbol>
      <symbol id="sm-512">
         <name>copysign</name>
         <value>0x29bd</value>
         <object_component_ref idref="oc-1dc"/>
      </symbol>
      <symbol id="sm-513">
         <name>copysignl</name>
         <value>0x29bd</value>
         <object_component_ref idref="oc-1dc"/>
      </symbol>
      <symbol id="sm-516">
         <name>__TI_static_base__</name>
         <value>0x0</value>
      </symbol>
      <symbol id="sm-519">
         <name>SHT$$INIT_ARRAY$$Limit</name>
         <value>0x0</value>
      </symbol>
      <symbol id="sm-51a">
         <name>SHT$$INIT_ARRAY$$Base</name>
         <value>0x0</value>
      </symbol>
   </symbol_table>
   <title>Link successful</title>
</link_info>
